Archive member included to satisfy reference by file (symbol)

Middlewares/ST/touchgfx/lib/core/cortex_m4f/gcc\libtouchgfx-float-abi-hard.a(AbstractPartition.o)
                              TouchGFX/build/STM32F429IDISCO/TouchGFX/target/generated/TouchGFXConfiguration.o (touchgfx::AbstractPartition::getAllocationCount() const)
Middlewares/ST/touchgfx/lib/core/cortex_m4f/gcc\libtouchgfx-float-abi-hard.a(Container.o)
                              TouchGFX/build/STM32F429IDISCO/TouchGFX/generated/gui_generated/src/gamescreen_screen/GameScreenViewBase.o (touchgfx::Container::add(touchgfx::Drawable&))
Middlewares/ST/touchgfx/lib/core/cortex_m4f/gcc\libtouchgfx-float-abi-hard.a(HAL.o)
                              TouchGFX/build/STM32F429IDISCO/TouchGFX/target/generated/TouchGFXGeneratedHAL.o (touchgfx::HAL::drawDrawableInDynamicBitmap(touchgfx::Drawable&, unsigned short))
Middlewares/ST/touchgfx/lib/core/cortex_m4f/gcc\libtouchgfx-float-abi-hard.a(DMA.o)
                              TouchGFX/build/STM32F429IDISCO/TouchGFX/target/generated/STM32DMA.o (touchgfx::DMA_Interface::seedExecution())
Middlewares/ST/touchgfx/lib/core/cortex_m4f/gcc\libtouchgfx-float-abi-hard.a(SnapshotWidget.o)
                              TouchGFX/build/STM32F429IDISCO/TouchGFX/generated/gui_generated/src/common/FrontendApplicationBase.o (touchgfx::SnapshotWidget::makeSnapshot())
Middlewares/ST/touchgfx/lib/core/cortex_m4f/gcc\libtouchgfx-float-abi-hard.a(AnimatedImage.o)
                              TouchGFX/build/STM32F429IDISCO/TouchGFX/generated/gui_generated/src/gamescreen_screen/GameScreenViewBase.o (touchgfx::AnimatedImage::startAnimation(bool const&, bool const&, bool const&))
Middlewares/ST/touchgfx/lib/core/cortex_m4f/gcc\libtouchgfx-float-abi-hard.a(TextArea.o)
                              TouchGFX/build/STM32F429IDISCO/TouchGFX/generated/gui_generated/src/mainscreen_screen/MainScreenViewBase.o (touchgfx::TextArea::setTypedText(touchgfx::TypedText))
Middlewares/ST/touchgfx/lib/core/cortex_m4f/gcc\libtouchgfx-float-abi-hard.a(Box.o)
                              TouchGFX/build/STM32F429IDISCO/TouchGFX/generated/gui_generated/src/gamescreen_screen/GameScreenViewBase.o (vtable for touchgfx::Box)
Middlewares/ST/touchgfx/lib/core/cortex_m4f/gcc\libtouchgfx-float-abi-hard.a(Button.o)
                              TouchGFX/build/STM32F429IDISCO/TouchGFX/generated/gui_generated/src/settingsscreen_screen/SettingsScreenViewBase.o (touchgfx::Button::setBitmaps(touchgfx::Bitmap const&, touchgfx::Bitmap const&))
Middlewares/ST/touchgfx/lib/core/cortex_m4f/gcc\libtouchgfx-float-abi-hard.a(Image.o)
                              TouchGFX/build/STM32F429IDISCO/TouchGFX/generated/gui_generated/src/gamescreen_screen/GameScreenViewBase.o (touchgfx::Image::setBitmap(touchgfx::Bitmap const&))
Middlewares/ST/touchgfx/lib/core/cortex_m4f/gcc\libtouchgfx-float-abi-hard.a(ButtonWithLabel.o)
                              TouchGFX/build/STM32F429IDISCO/TouchGFX/generated/gui_generated/src/settingsscreen_screen/SettingsScreenViewBase.o (touchgfx::ButtonWithLabel::ButtonWithLabel())
Middlewares/ST/touchgfx/lib/core/cortex_m4f/gcc\libtouchgfx-float-abi-hard.a(LCD.o)
                              Middlewares/ST/touchgfx/lib/core/cortex_m4f/gcc\libtouchgfx-float-abi-hard.a(TextArea.o) (touchgfx::LCD::getNumLines(touchgfx::TextProvider&, touchgfx::WideTextAction, unsigned char, touchgfx::Font const*, short))
Middlewares/ST/touchgfx/lib/core/cortex_m4f/gcc\libtouchgfx-float-abi-hard.a(TouchCalibration.o)
                              Middlewares/ST/touchgfx/lib/core/cortex_m4f/gcc\libtouchgfx-float-abi-hard.a(HAL.o) (touchgfx::TouchCalibration::translatePoint(touchgfx::Point&))
Middlewares/ST/touchgfx/lib/core/cortex_m4f/gcc\libtouchgfx-float-abi-hard.a(DisplayTransformation.o)
                              Middlewares/ST/touchgfx/lib/core/cortex_m4f/gcc\libtouchgfx-float-abi-hard.a(HAL.o) (touchgfx::DisplayTransformation::transformFrameBufferToDisplay(short&, short&))
Middlewares/ST/touchgfx/lib/core/cortex_m4f/gcc\libtouchgfx-float-abi-hard.a(Application.o)
                              TouchGFX/build/STM32F429IDISCO/TouchGFX/gui/src/common/FrontendApplication.o (touchgfx::Application::requestRedraw())
Middlewares/ST/touchgfx/lib/core/cortex_m4f/gcc\libtouchgfx-float-abi-hard.a(TypedText.o)
                              TouchGFX/build/STM32F429IDISCO/TouchGFX/generated/gui_generated/src/settingsscreen_screen/SettingsScreenViewBase.o (touchgfx::TypedText::numberOfTypedTexts)
Middlewares/ST/touchgfx/lib/core/cortex_m4f/gcc\libtouchgfx-float-abi-hard.a(Font.o)
                              TouchGFX/build/STM32F429IDISCO/TouchGFX/generated/texts/src/Texts.o (touchgfx::Font::getStringWidthLTR(unsigned char, unsigned short const*, std::__va_list) const)
Middlewares/ST/touchgfx/lib/core/cortex_m4f/gcc\libtouchgfx-float-abi-hard.a(Drawable.o)
[...]
Memory Configuration

Name             Origin             Length             Attributes
CCMRAM           0x10000000         0x00010000         xrw
RAM              0x20000000         0x00030000         xrw
FLASH            0x08000000         0x00200000         xr
SDRAM            0xd0000000         0x00800000         xrw
*default*        0x00000000         0xffffffff

Linker script and memory map

LOAD c:/touchgfx/4.15.0/env/mingw/msys/1.0/gnu-arm-gcc/bin/../lib/gcc/arm-none-eabi/7.3.1/thumb/v7e-m/fpv4-sp/hard/crti.o
LOAD c:/touchgfx/4.15.0/env/mingw/msys/1.0/gnu-arm-gcc/bin/../lib/gcc/arm-none-eabi/7.3.1/thumb/v7e-m/fpv4-sp/hard/crtbegin.o
LOAD c:/touchgfx/4.15.0/env/mingw/msys/1.0/gnu-arm-gcc/bin/../lib/gcc/arm-none-eabi/7.3.1/../../../../arm-none-eabi/lib/thumb/v7e-m/fpv4-sp/hard/crt0.o
LOAD TouchGFX/build/STM32F429IDISCO/TouchGFX/gui/src/gamescreen_screen/GameScreenView.o
LOAD TouchGFX/build/STM32F429IDISCO/TouchGFX/gui/src/gamescreen_screen/GameScreenPresenter.o
LOAD TouchGFX/build/STM32F429IDISCO/TouchGFX/gui/src/settingsscreen_screen/SettingsScreenView.o
LOAD TouchGFX/build/STM32F429IDISCO/TouchGFX/gui/src/settingsscreen_screen/SettingsScreenPresenter.o
LOAD TouchGFX/build/STM32F429IDISCO/TouchGFX/gui/src/mainscreen_screen/MainScreenPresenter.o
LOAD TouchGFX/build/STM32F429IDISCO/TouchGFX/gui/src/mainscreen_screen/MainScreenView.o
LOAD TouchGFX/build/STM32F429IDISCO/TouchGFX/gui/src/model/Model.o
LOAD TouchGFX/build/STM32F429IDISCO/TouchGFX/gui/src/common/FrontendApplication.o
LOAD TouchGFX/build/STM32F429IDISCO/TouchGFX/generated/gui_generated/src/gamescreen_screen/GameScreenViewBase.o
LOAD TouchGFX/build/STM32F429IDISCO/TouchGFX/generated/gui_generated/src/settingsscreen_screen/SettingsScreenViewBase.o
LOAD TouchGFX/build/STM32F429IDISCO/TouchGFX/generated/gui_generated/src/mainscreen_screen/MainScreenViewBase.o
LOAD TouchGFX/build/STM32F429IDISCO/TouchGFX/generated/gui_generated/src/common/FrontendApplicationBase.o
LOAD TouchGFX/build/STM32F429IDISCO/TouchGFX/generated/fonts/src/Font_verdana_40_4bpp_0.o
LOAD TouchGFX/build/STM32F429IDISCO/TouchGFX/generated/fonts/src/Font_verdana_20_4bpp_0.o
LOAD TouchGFX/build/STM32F429IDISCO/TouchGFX/generated/fonts/src/GeneratedFont.o
LOAD TouchGFX/build/STM32F429IDISCO/TouchGFX/generated/fonts/src/UnmappedDataFont.o
LOAD TouchGFX/build/STM32F429IDISCO/TouchGFX/generated/fonts/src/Kerning_verdana_40_4bpp.o
LOAD TouchGFX/build/STM32F429IDISCO/TouchGFX/generated/fonts/src/Table_verdana_10_4bpp.o
LOAD TouchGFX/build/STM32F429IDISCO/TouchGFX/generated/fonts/src/Kerning_verdana_10_4bpp.o
LOAD TouchGFX/build/STM32F429IDISCO/TouchGFX/generated/fonts/src/Kerning_verdana_20_4bpp.o
LOAD TouchGFX/build/STM32F429IDISCO/TouchGFX/generated/fonts/src/FontCache.o
LOAD TouchGFX/build/STM32F429IDISCO/TouchGFX/generated/fonts/src/Font_verdana_10_4bpp_0.o
LOAD TouchGFX/build/STM32F429IDISCO/TouchGFX/generated/fonts/src/Table_verdana_40_4bpp.o
LOAD TouchGFX/build/STM32F429IDISCO/TouchGFX/generated/fonts/src/CachedFont.o
LOAD TouchGFX/build/STM32F429IDISCO/TouchGFX/generated/fonts/src/Table_verdana_20_4bpp.o
LOAD TouchGFX/build/STM32F429IDISCO/TouchGFX/generated/fonts/src/ApplicationFontProvider.o
LOAD TouchGFX/build/STM32F429IDISCO/TouchGFX/generated/images/src/__designer/image_Blue_Buttons_Round_Edge_small_pressed.o
LOAD TouchGFX/build/STM32F429IDISCO/TouchGFX/generated/images/src/__designer/image_Blue_Buttons_Round_Edge_small.o
LOAD TouchGFX/build/STM32F429IDISCO/TouchGFX/generated/images/src/image_xov000.o
LOAD TouchGFX/build/STM32F429IDISCO/TouchGFX/generated/images/src/BitmapDatabase.o
LOAD TouchGFX/build/STM32F429IDISCO/TouchGFX/generated/images/src/image_xov001.o
LOAD TouchGFX/build/STM32F429IDISCO/TouchGFX/generated/images/src/image_usv.o
LOAD TouchGFX/build/STM32F429IDISCO/TouchGFX/generated/images/src/image_xo.o
LOAD TouchGFX/build/STM32F429IDISCO/TouchGFX/generated/texts/src/LanguageGb.o
LOAD TouchGFX/build/STM32F429IDISCO/TouchGFX/generated/texts/src/TypedTextDatabase.o
LOAD TouchGFX/build/STM32F429IDISCO/TouchGFX/generated/texts/src/Texts.o
LOAD TouchGFX/build/STM32F429IDISCO/TouchGFX/target/generated/TouchGFXGeneratedHAL.o
LOAD TouchGFX/build/STM32F429IDISCO/TouchGFX/target/generated/STM32DMA.o
LOAD TouchGFX/build/STM32F429IDISCO/TouchGFX/target/generated/OSWrappers.o
LOAD TouchGFX/build/STM32F429IDISCO/TouchGFX/target/generated/TouchGFXConfiguration.o
LOAD TouchGFX/build/STM32F429IDISCO/TouchGFX/target/TouchGFXHAL.o
LOAD TouchGFX/build/STM32F429IDISCO/TouchGFX/target/TouchGFXGPIO.o
LOAD TouchGFX/build/STM32F429IDISCO/TouchGFX/target/STM32TouchController.o
LOAD TouchGFX/build/STM32F429IDISCO/Core/Src/system_stm32f4xx.o
LOAD TouchGFX/build/STM32F429IDISCO/Core/Src/stm32f4xx_hal_timebase_tim.o
LOAD TouchGFX/build/STM32F429IDISCO/Core/Src/main.o
LOAD TouchGFX/build/STM32F429IDISCO/Core/Src/stm32f4xx_it.o
LOAD TouchGFX/build/STM32F429IDISCO/Core/Src/sysmem.o
LOAD TouchGFX/build/STM32F429IDISCO/Core/Src/stm32f4xx_hal_msp.o
LOAD TouchGFX/build/STM32F429IDISCO/Core/Src/syscalls.o
LOAD TouchGFX/build/STM32F429IDISCO/Core/Src/freertos.o
LOAD TouchGFX/build/STM32F429IDISCO/Drivers/STM32F4xx_HAL_Driver/Src/stm32f4xx_hal_pwr_ex.o
LOAD TouchGFX/build/STM32F429IDISCO/Drivers/STM32F4xx_HAL_Driver/Src/stm32f4xx_hal_sdram.o
LOAD TouchGFX/build/STM32F429IDISCO/Drivers/STM32F4xx_HAL_Driver/Src/stm32f4xx_hal_flash.o
LOAD TouchGFX/build/STM32F429IDISCO/Drivers/STM32F4xx_HAL_Driver/Src/stm32f4xx_hal_rcc.o
LOAD TouchGFX/build/STM32F429IDISCO/Drivers/STM32F4xx_HAL_Driver/Src/stm32f4xx_hal_dma_ex.o
LOAD TouchGFX/build/STM32F429IDISCO/Drivers/STM32F4xx_HAL_Driver/Src/stm32f4xx_hal_tim.o
LOAD TouchGFX/build/STM32F429IDISCO/Drivers/STM32F4xx_HAL_Driver/Src/stm32f4xx_hal_i2c.o
LOAD TouchGFX/build/STM32F429IDISCO/Drivers/STM32F4xx_HAL_Driver/Src/stm32f4xx_hal_flash_ex.o
LOAD TouchGFX/build/STM32F429IDISCO/Drivers/STM32F4xx_HAL_Driver/Src/stm32f4xx_hal_dma.o
LOAD TouchGFX/build/STM32F429IDISCO/Drivers/STM32F4xx_HAL_Driver/Src/stm32f4xx_hal_i2c_ex.o
LOAD TouchGFX/build/STM32F429IDISCO/Drivers/STM32F4xx_HAL_Driver/Src/stm32f4xx_hal_tim_ex.o
LOAD TouchGFX/build/STM32F429IDISCO/Drivers/STM32F4xx_HAL_Driver/Src/stm32f4xx_hal_cortex.o
LOAD TouchGFX/build/STM32F429IDISCO/Drivers/STM32F4xx_HAL_Driver/Src/stm32f4xx_hal_ltdc_ex.o
LOAD TouchGFX/build/STM32F429IDISCO/Drivers/STM32F4xx_HAL_Driver/Src/stm32f4xx_ll_fmc.o
LOAD TouchGFX/build/STM32F429IDISCO/Drivers/STM32F4xx_HAL_Driver/Src/stm32f4xx_hal_exti.o
LOAD TouchGFX/build/STM32F429IDISCO/Drivers/STM32F4xx_HAL_Driver/Src/stm32f4xx_hal_gpio.o
LOAD TouchGFX/build/STM32F429IDISCO/Drivers/STM32F4xx_HAL_Driver/Src/stm32f4xx_hal_spi.o
LOAD TouchGFX/build/STM32F429IDISCO/Drivers/STM32F4xx_HAL_Driver/Src/stm32f4xx_hal_dma2d.o
LOAD TouchGFX/build/STM32F429IDISCO/Drivers/STM32F4xx_HAL_Driver/Src/stm32f4xx_hal_flash_ramfunc.o
LOAD TouchGFX/build/STM32F429IDISCO/Drivers/STM32F4xx_HAL_Driver/Src/stm32f4xx_hal_ltdc.o
LOAD TouchGFX/build/STM32F429IDISCO/Drivers/STM32F4xx_HAL_Driver/Src/stm32f4xx_hal_pwr.o
LOAD TouchGFX/build/STM32F429IDISCO/Drivers/STM32F4xx_HAL_Driver/Src/stm32f4xx_hal.o
LOAD TouchGFX/build/STM32F429IDISCO/Drivers/STM32F4xx_HAL_Driver/Src/stm32f4xx_hal_rcc_ex.o
LOAD TouchGFX/build/STM32F429IDISCO/Drivers/STM32F4xx_HAL_Driver/Src/stm32f4xx_hal_dsi.o
LOAD TouchGFX/build/STM32F429IDISCO/Drivers/STM32F4xx_HAL_Driver/Src/stm32f4xx_hal_crc.o
LOAD TouchGFX/build/STM32F429IDISCO/TouchGFX/App/app_touchgfx.o
LOAD TouchGFX/build/STM32F429IDISCO/Middlewares/Third_Party/FreeRTOS/Source/croutine.o
LOAD TouchGFX/build/STM32F429IDISCO/Middlewares/Third_Party/FreeRTOS/Source/list.o
LOAD TouchGFX/build/STM32F429IDISCO/Middlewares/Third_Party/FreeRTOS/Source/queue.o
LOAD TouchGFX/build/STM32F429IDISCO/Middlewares/Third_Party/FreeRTOS/Source/tasks.o
LOAD TouchGFX/build/STM32F429IDISCO/Middlewares/Third_Party/FreeRTOS/Source/timers.o
LOAD TouchGFX/build/STM32F429IDISCO/Middlewares/Third_Party/FreeRTOS/Source/CMSIS_RTOS_V2/cmsis_os2.o
LOAD TouchGFX/build/STM32F429IDISCO/gcc/Middlewares/Third_Party/FreeRTOS/Source/portable/MemMang/heap_4.o
LOAD TouchGFX/build/STM32F429IDISCO/gcc/Middlewares/Third_Party/FreeRTOS/Source/portable/GCC/ARM_CM4F/port.o
LOAD TouchGFX/build/STM32F429IDISCO/Drivers/BSP/Components/stmpe811/stmpe811.o
LOAD TouchGFX/build/STM32F429IDISCO/Drivers/BSP/Components/ili9341/ili9341.o
LOAD TouchGFX/build/STM32F429IDISCO/gcc/startup_stm32f429zitx.o
START GROUP
LOAD Middlewares/ST/touchgfx/lib/core/cortex_m4f/gcc\libtouchgfx-float-abi-hard.a
END GROUP
LOAD c:/touchgfx/4.15.0/env/mingw/msys/1.0/gnu-arm-gcc/bin/../lib/gcc/arm-none-eabi/7.3.1/../../../../arm-none-eabi/lib/thumb/v7e-m/fpv4-sp/hard\libstdc++_nano.a
LOAD c:/touchgfx/4.15.0/env/mingw/msys/1.0/gnu-arm-gcc/bin/../lib/gcc/arm-none-eabi/7.3.1/../../../../arm-none-eabi/lib/thumb/v7e-m/fpv4-sp/hard\libm.a
START GROUP
LOAD c:/touchgfx/4.15.0/env/mingw/msys/1.0/gnu-arm-gcc/bin/../lib/gcc/arm-none-eabi/7.3.1/thumb/v7e-m/fpv4-sp/hard\libgcc.a
LOAD c:/touchgfx/4.15.0/env/mingw/msys/1.0/gnu-arm-gcc/bin/../lib/gcc/arm-none-eabi/7.3.1/../../../../arm-none-eabi/lib/thumb/v7e-m/fpv4-sp/hard\libc_nano.a
END GROUP
START GROUP
LOAD c:/touchgfx/4.15.0/env/mingw/msys/1.0/gnu-arm-gcc/bin/../lib/gcc/arm-none-eabi/7.3.1/thumb/v7e-m/fpv4-sp/hard\libgcc.a
LOAD c:/touchgfx/4.15.0/env/mingw/msys/1.0/gnu-arm-gcc/bin/../lib/gcc/arm-none-eabi/7.3.1/../../../../arm-none-eabi/lib/thumb/v7e-m/fpv4-sp/hard\libc_nano.a
LOAD c:/touchgfx/4.15.0/env/mingw/msys/1.0/gnu-arm-gcc/bin/../lib/gcc/arm-none-eabi/7.3.1/../../../../arm-none-eabi/lib/thumb/v7e-m/fpv4-sp/hard\libnosys.a
END GROUP
START GROUP
LOAD c:/touchgfx/4.15.0/env/mingw/msys/1.0/gnu-arm-gcc/bin/../lib/gcc/arm-none-eabi/7.3.1/thumb/v7e-m/fpv4-sp/hard\libgcc.a
LOAD c:/touchgfx/4.15.0/env/mingw/msys/1.0/gnu-arm-gcc/bin/../lib/gcc/arm-none-eabi/7.3.1/../../../../arm-none-eabi/lib/thumb/v7e-m/fpv4-sp/hard\libc_nano.a
LOAD c:/touchgfx/4.15.0/env/mingw/msys/1.0/gnu-arm-gcc/bin/../lib/gcc/arm-none-eabi/7.3.1/../../../../arm-none-eabi/lib/thumb/v7e-m/fpv4-sp/hard\libnosys.a
END GROUP
LOAD c:/touchgfx/4.15.0/env/mingw/msys/1.0/gnu-arm-gcc/bin/../lib/gcc/arm-none-eabi/7.3.1/thumb/v7e-m/fpv4-sp/hard/crtend.o
LOAD c:/touchgfx/4.15.0/env/mingw/msys/1.0/gnu-arm-gcc/bin/../lib/gcc/arm-none-eabi/7.3.1/thumb/v7e-m/fpv4-sp/hard/crtn.o
                0x20030000                _estack = (ORIGIN (RAM) + LENGTH (RAM))
                0x00000200                _Min_Heap_Size = 0x200
                0x00000400                _Min_Stack_Size = 0x400

.isr_vector     0x08000000      0x1ac
                0x08000000                . = ALIGN (0x4)
 *(.isr_vector)
 .isr_vector    0x08000000      0x1ac TouchGFX/build/STM32F429IDISCO/gcc/startup_stm32f429zitx.o
                0x08000000                g_pfnVectors
                0x080001ac                . = ALIGN (0x4)

.text           0x080001b0    0x1988c
                0x080001b0                . = ALIGN (0x4)
 *(.text)
 .text          0x080001b0       0x40 c:/touchgfx/4.15.0/env/mingw/msys/1.0/gnu-arm-gcc/bin/../lib/gcc/arm-none-eabi/7.3.1/thumb/v7e-m/fpv4-sp/hard/crtbegin.o
 .text          0x080001f0       0x30 c:/touchgfx/4.15.0/env/mingw/msys/1.0/gnu-arm-gcc/bin/../lib/gcc/arm-none-eabi/7.3.1/thumb/v7e-m/fpv4-sp/hard\libgcc.a(_aeabi_uldivmod.o)
                0x080001f0                __aeabi_uldivmod
 .text          0x08000220      0x2cc c:/touchgfx/4.15.0/env/mingw/msys/1.0/gnu-arm-gcc/bin/../lib/gcc/arm-none-eabi/7.3.1/thumb/v7e-m/fpv4-sp/hard\libgcc.a(_udivmoddi4.o)
                0x08000220                __udivmoddi4
 .text          0x080004ec        0x4 c:/touchgfx/4.15.0/env/mingw/msys/1.0/gnu-arm-gcc/bin/../lib/gcc/arm-none-eabi/7.3.1/thumb/v7e-m/fpv4-sp/hard\libgcc.a(_dvmd_tls.o)
                0x080004ec                __aeabi_idiv0
                0x080004ec                __aeabi_ldiv0
 .text          0x080004f0       0xa0 c:/touchgfx/4.15.0/env/mingw/msys/1.0/gnu-arm-gcc/bin/../lib/gcc/arm-none-eabi/7.3.1/../../../../arm-none-eabi/lib/thumb/v7e-m/fpv4-sp/hard\libc_nano.a(lib_a-memchr.o)
                0x080004f0                memchr
 *(.text*)
 .text._ZN8touchgfx6Screen15afterTransitionEv
                0x08000590        0x2 TouchGFX/build/STM32F429IDISCO/TouchGFX/gui/src/gamescreen_screen/GameScreenView.o
                0x08000590                touchgfx::Screen::afterTransition()
 .text._ZN8touchgfx6Screen15handleTickEventEv
                0x08000592        0x2 TouchGFX/build/STM32F429IDISCO/TouchGFX/gui/src/gamescreen_screen/GameScreenView.o
                0x08000592                touchgfx::Screen::handleTickEvent()
 .text._ZN8touchgfx6Screen14handleKeyEventEh
                0x08000594        0x2 TouchGFX/build/STM32F429IDISCO/TouchGFX/gui/src/gamescreen_screen/GameScreenView.o
                0x08000594                touchgfx::Screen::handleKeyEvent(unsigned char)
 .text._ZN14GameScreenViewD2Ev
                0x08000596        0x2 TouchGFX/build/STM32F429IDISCO/TouchGFX/gui/src/gamescreen_screen/GameScreenView.o
                0x08000596                GameScreenView::~GameScreenView()
                0x08000596                GameScreenView::~GameScreenView()
 .text._ZN14GameScreenView14tearDownScreenEv
                0x08000598        0x2 TouchGFX/build/STM32F429IDISCO/TouchGFX/gui/src/gamescreen_screen/GameScreenView.o
                0x08000598                GameScreenView::tearDownScreen()
 .text._ZN14GameScreenView11setupScreenEv
                0x0800059a        0x4 TouchGFX/build/STM32F429IDISCO/TouchGFX/gui/src/gamescreen_screen/GameScreenView.o
                0x0800059a                GameScreenView::setupScreen()
 .text._ZN14GameScreenViewD0Ev
                0x0800059e        0xe TouchGFX/build/STM32F429IDISCO/TouchGFX/gui/src/gamescreen_screen/GameScreenView.o
                0x0800059e                GameScreenView::~GameScreenView()
 .text._ZN14GameScreenViewC2Ev
                0x080005ac       0x14 TouchGFX/build/STM32F429IDISCO/TouchGFX/gui/src/gamescreen_screen/GameScreenView.o
                0x080005ac                GameScreenView::GameScreenView()
                0x080005ac                GameScreenView::GameScreenView()
 .text._ZN19GameScreenPresenterD2Ev
                0x080005c0        0x6 TouchGFX/build/STM32F429IDISCO/TouchGFX/gui/src/gamescreen_screen/GameScreenPresenter.o
                0x080005c0                GameScreenPresenter::~GameScreenPresenter()
                0x080005c0                GameScreenPresenter::~GameScreenPresenter()
                0x080005c2                non-virtual thunk to GameScreenPresenter::~GameScreenPresenter()
 .text._ZN19GameScreenPresenter8activateEv
                0x080005c6        0x2 TouchGFX/build/STM32F429IDISCO/TouchGFX/gui/src/gamescreen_screen/GameScreenPresenter.o
                0x080005c6                GameScreenPresenter::activate()
                0x080005c6                GameScreenPresenter::deactivate()
 .text._ZN19GameScreenPresenterD0Ev
                0x080005c8       0x14 TouchGFX/build/STM32F429IDISCO/TouchGFX/gui/src/gamescreen_screen/GameScreenPresenter.o
                0x080005c8                GameScreenPresenter::~GameScreenPresenter()
                0x080005d6                non-virtual thunk to GameScreenPresenter::~GameScreenPresenter()
 .text._ZN19GameScreenPresenterC2ER14GameScreenView
                0x080005dc       0x1c TouchGFX/build/STM32F429IDISCO/TouchGFX/gui/src/gamescreen_screen/GameScreenPresenter.o
                0x080005dc                GameScreenPresenter::GameScreenPresenter(GameScreenView&)
                0x080005dc                GameScreenPresenter::GameScreenPresenter(GameScreenView&)
 .text._ZN18SettingsScreenViewD2Ev
                0x080005f8        0x2 TouchGFX/build/STM32F429IDISCO/TouchGFX/gui/src/settingsscreen_screen/SettingsScreenView.o
                0x080005f8                SettingsScreenView::~SettingsScreenView()
                0x080005f8                SettingsScreenView::~SettingsScreenView()
 .text._ZN18SettingsScreenView14tearDownScreenEv
                0x080005fa        0x2 TouchGFX/build/STM32F429IDISCO/TouchGFX/gui/src/settingsscreen_screen/SettingsScreenView.o
                0x080005fa                SettingsScreenView::tearDownScreen()
 .text._ZN18SettingsScreenView11setupScreenEv
                0x080005fc        0x4 TouchGFX/build/STM32F429IDISCO/TouchGFX/gui/src/settingsscreen_screen/SettingsScreenView.o
                0x080005fc                SettingsScreenView::setupScreen()
 .text._ZN18SettingsScreenViewD0Ev
                0x08000600       0x10 TouchGFX/build/STM32F429IDISCO/TouchGFX/gui/src/settingsscreen_screen/SettingsScreenView.o
                0x08000600                SettingsScreenView::~SettingsScreenView()
 .text._ZN18SettingsScreenViewC2Ev
                0x08000610       0x14 TouchGFX/build/STM32F429IDISCO/TouchGFX/gui/src/settingsscreen_screen/SettingsScreenView.o
                0x08000610                SettingsScreenView::SettingsScreenView()
                0x08000610                SettingsScreenView::SettingsScreenView()
 .text._ZN23SettingsScreenPresenterD2Ev
                0x08000624        0x6 TouchGFX/build/STM32F429IDISCO/TouchGFX/gui/src/settingsscreen_screen/SettingsScreenPresenter.o
                0x08000624                SettingsScreenPresenter::~SettingsScreenPresenter()
                0x08000624                SettingsScreenPresenter::~SettingsScreenPresenter()
                0x08000626                non-virtual thunk to SettingsScreenPresenter::~SettingsScreenPresenter()
 .text._ZN23SettingsScreenPresenter8activateEv
                0x0800062a        0x2 TouchGFX/build/STM32F429IDISCO/TouchGFX/gui/src/settingsscreen_screen/SettingsScreenPresenter.o
                0x0800062a                SettingsScreenPresenter::deactivate()
                0x0800062a                SettingsScreenPresenter::activate()
 .text._ZN23SettingsScreenPresenterD0Ev
                0x0800062c       0x14 TouchGFX/build/STM32F429IDISCO/TouchGFX/gui/src/settingsscreen_screen/SettingsScreenPresenter.o
                0x0800062c                SettingsScreenPresenter::~SettingsScreenPresenter()
                0x0800063a                non-virtual thunk to SettingsScreenPresenter::~SettingsScreenPresenter()
 .text._ZN23SettingsScreenPresenterC2ER18SettingsScreenView
                0x08000640       0x1c TouchGFX/build/STM32F429IDISCO/TouchGFX/gui/src/settingsscreen_screen/SettingsScreenPresenter.o
                0x08000640                SettingsScreenPresenter::SettingsScreenPresenter(SettingsScreenView&)
                0x08000640                SettingsScreenPresenter::SettingsScreenPresenter(SettingsScreenView&)
 .text._ZN19MainScreenPresenterD2Ev
                0x0800065c        0x6 TouchGFX/build/STM32F429IDISCO/TouchGFX/gui/src/mainscreen_screen/MainScreenPresenter.o
                0x0800065c                MainScreenPresenter::~MainScreenPresenter()
                0x0800065c                MainScreenPresenter::~MainScreenPresenter()
                0x0800065e                non-virtual thunk to MainScreenPresenter::~MainScreenPresenter()
 .text._ZN19MainScreenPresenter8activateEv
                0x08000662        0x2 TouchGFX/build/STM32F429IDISCO/TouchGFX/gui/src/mainscreen_screen/MainScreenPresenter.o
                0x08000662                MainScreenPresenter::activate()
                0x08000662                MainScreenPresenter::deactivate()
 .text._ZN19MainScreenPresenterD0Ev
                0x08000664       0x14 TouchGFX/build/STM32F429IDISCO/TouchGFX/gui/src/mainscreen_screen/MainScreenPresenter.o
                0x08000664                MainScreenPresenter::~MainScreenPresenter()
                0x08000672                non-virtual thunk to MainScreenPresenter::~MainScreenPresenter()
 .text._ZN19MainScreenPresenterC2ER14MainScreenView
                0x08000678       0x1c TouchGFX/build/STM32F429IDISCO/TouchGFX/gui/src/mainscreen_screen/MainScreenPresenter.o
                0x08000678                MainScreenPresenter::MainScreenPresenter(MainScreenView&)
                0x08000678                MainScreenPresenter::MainScreenPresenter(MainScreenView&)
 .text._ZN14MainScreenViewD2Ev
                0x08000694        0x2 TouchGFX/build/STM32F429IDISCO/TouchGFX/gui/src/mainscreen_screen/MainScreenView.o
                0x08000694                MainScreenView::~MainScreenView()
                0x08000694                MainScreenView::~MainScreenView()
 .text._ZN14MainScreenView14tearDownScreenEv
                0x08000696        0x2 TouchGFX/build/STM32F429IDISCO/TouchGFX/gui/src/mainscreen_screen/MainScreenView.o
                0x08000696                MainScreenView::tearDownScreen()
 .text._ZN14MainScreenView11setupScreenEv
                0x08000698        0x4 TouchGFX/build/STM32F429IDISCO/TouchGFX/gui/src/mainscreen_screen/MainScreenView.o
                0x08000698                MainScreenView::setupScreen()
 .text._ZN14MainScreenViewD0Ev
                0x0800069c       0x10 TouchGFX/build/STM32F429IDISCO/TouchGFX/gui/src/mainscreen_screen/MainScreenView.o
                0x0800069c                MainScreenView::~MainScreenView()
 .text._ZN14MainScreenViewC2Ev
                0x080006ac       0x14 TouchGFX/build/STM32F429IDISCO/TouchGFX/gui/src/mainscreen_screen/MainScreenView.o
                0x080006ac                MainScreenView::MainScreenView()
                0x080006ac                MainScreenView::MainScreenView()
 .text._ZN5ModelC2Ev
                0x080006c0        0x6 TouchGFX/build/STM32F429IDISCO/TouchGFX/gui/src/model/Model.o
                0x080006c0                Model::Model()
                0x080006c0                Model::Model()
 .text._ZN5Model4tickEv
                0x080006c6        0x2 TouchGFX/build/STM32F429IDISCO/TouchGFX/gui/src/model/Model.o
                0x080006c6                Model::tick()
 .text._ZN8touchgfx11Application15appSwitchScreenEh
                0x080006c8        0x2 TouchGFX/build/STM32F429IDISCO/TouchGFX/gui/src/common/FrontendApplication.o
                0x080006c8                touchgfx::Application::appSwitchScreen(unsigned char)
 .text._ZN8touchgfx11Application13requestRedrawERNS_4RectE
                0x080006ca        0xc TouchGFX/build/STM32F429IDISCO/TouchGFX/gui/src/common/FrontendApplication.o
                0x080006ca                touchgfx::Application::requestRedraw(touchgfx::Rect&)
 .text._ZN19FrontendApplicationD2Ev
                0x080006d6        0x2 TouchGFX/build/STM32F429IDISCO/TouchGFX/gui/src/common/FrontendApplication.o
                0x080006d6                FrontendApplication::~FrontendApplication()
                0x080006d6                FrontendApplication::~FrontendApplication()
 .text._ZN19FrontendApplicationD0Ev
                0x080006d8       0x10 TouchGFX/build/STM32F429IDISCO/TouchGFX/gui/src/common/FrontendApplication.o
                0x080006d8                FrontendApplication::~FrontendApplication()
 .text._ZN19FrontendApplication15handleTickEventEv
                0x080006e8       0x16 TouchGFX/build/STM32F429IDISCO/TouchGFX/gui/src/common/FrontendApplication.o
                0x080006e8                FrontendApplication::handleTickEvent()
 .text._ZN8touchgfx14MVPApplication29handlePendingScreenTransitionEv
                0x080006fe       0x24 TouchGFX/build/STM32F429IDISCO/TouchGFX/gui/src/common/FrontendApplication.o
                0x080006fe                touchgfx::MVPApplication::handlePendingScreenTransition()
 *fill*         0x08000722        0x2 
 .text._ZN19FrontendApplicationC2ER5ModelR12FrontendHeap
                0x08000724       0x14 TouchGFX/build/STM32F429IDISCO/TouchGFX/gui/src/common/FrontendApplication.o
                0x08000724                FrontendApplication::FrontendApplication(Model&, FrontendHeap&)
                0x08000724                FrontendApplication::FrontendApplication(Model&, FrontendHeap&)
 .text._ZN8touchgfx8Drawable11setPositionEssss
                0x08000738       0x28 TouchGFX/build/STM32F429IDISCO/TouchGFX/generated/gui_generated/src/gamescreen_screen/GameScreenViewBase.o
                0x08000738                touchgfx::Drawable::setPosition(short, short, short, short)
 .text._ZN8touchgfx8Drawable4setXEs
                0x08000760        0x4 TouchGFX/build/STM32F429IDISCO/TouchGFX/generated/gui_generated/src/gamescreen_screen/GameScreenViewBase.o
                0x08000760                touchgfx::Drawable::setX(short)
 .text._ZN8touchgfx8Drawable4setYEs
                0x08000764        0x4 TouchGFX/build/STM32F429IDISCO/TouchGFX/generated/gui_generated/src/gamescreen_screen/GameScreenViewBase.o
                0x08000764                touchgfx::Drawable::setY(short)
 .text._ZN8touchgfx8Drawable5setXYEss
                0x08000768       0x1a TouchGFX/build/STM32F429IDISCO/TouchGFX/generated/gui_generated/src/gamescreen_screen/GameScreenViewBase.o
                0x08000768                touchgfx::Drawable::setXY(short, short)
 .text._ZN8touchgfx8Drawable8setWidthEs
                0x08000782        0x4 TouchGFX/build/STM32F429IDISCO/TouchGFX/generated/gui_generated/src/gamescreen_screen/GameScreenViewBase.o
                0x08000782                touchgfx::Drawable::setWidth(short)
 .text._ZN8touchgfx8Drawable9setHeightEs
                0x08000786        0x4 TouchGFX/build/STM32F429IDISCO/TouchGFX/generated/gui_generated/src/gamescreen_screen/GameScreenViewBase.o
                0x08000786                touchgfx::Drawable::setHeight(short)
 .text._ZN8touchgfx8Drawable20childGeometryChangedEv
                0x0800078a        0x2 TouchGFX/build/STM32F429IDISCO/TouchGFX/generated/gui_generated/src/gamescreen_screen/GameScreenViewBase.o
                0x0800078a                touchgfx::Drawable::childGeometryChanged()
 .text._ZN8touchgfx8Drawable16handleClickEventERKNS_10ClickEventE
                0x0800078c        0x2 TouchGFX/build/STM32F429IDISCO/TouchGFX/generated/gui_generated/src/gamescreen_screen/GameScreenViewBase.o
                0x0800078c                touchgfx::Drawable::handleClickEvent(touchgfx::ClickEvent const&)
 .text._ZN8touchgfx8Drawable18handleGestureEventERKNS_12GestureEventE
                0x0800078e        0x2 TouchGFX/build/STM32F429IDISCO/TouchGFX/generated/gui_generated/src/gamescreen_screen/GameScreenViewBase.o
                0x0800078e                touchgfx::Drawable::handleGestureEvent(touchgfx::GestureEvent const&)
 .text._ZN8touchgfx8Drawable15handleDragEventERKNS_9DragEventE
                0x08000790        0x2 TouchGFX/build/STM32F429IDISCO/TouchGFX/generated/gui_generated/src/gamescreen_screen/GameScreenViewBase.o
                0x08000790                touchgfx::Drawable::handleDragEvent(touchgfx::DragEvent const&)
 .text._ZN8touchgfx8Drawable15handleTickEventEv
                0x08000792        0x2 TouchGFX/build/STM32F429IDISCO/TouchGFX/generated/gui_generated/src/gamescreen_screen/GameScreenViewBase.o
                0x08000792                touchgfx::Drawable::handleTickEvent()
 .text._ZN8touchgfx8Drawable6moveToEss
                0x08000794       0x18 TouchGFX/build/STM32F429IDISCO/TouchGFX/generated/gui_generated/src/gamescreen_screen/GameScreenViewBase.o
                0x08000794                touchgfx::Drawable::moveTo(short, short)
 .text._ZN8touchgfx8Drawable14setupDrawChainERKNS_4RectEPPS0_
                0x080007ac       0x14 TouchGFX/build/STM32F429IDISCO/TouchGFX/generated/gui_generated/src/gamescreen_screen/GameScreenViewBase.o
                0x080007ac                touchgfx::Drawable::setupDrawChain(touchgfx::Rect const&, touchgfx::Drawable**)
 .text._ZN8touchgfx6Screen11setupScreenEv
                0x080007c0        0x2 TouchGFX/build/STM32F429IDISCO/TouchGFX/generated/gui_generated/src/gamescreen_screen/GameScreenViewBase.o
                0x080007c0                touchgfx::Screen::setupScreen()
 .text._ZN8touchgfx6Screen14tearDownScreenEv
                0x080007c2        0x2 TouchGFX/build/STM32F429IDISCO/TouchGFX/generated/gui_generated/src/gamescreen_screen/GameScreenViewBase.o
                0x080007c2                touchgfx::Screen::tearDownScreen()
 .text._ZN8touchgfx6Widget12getLastChildEssPPNS_8DrawableE
                0x080007c4       0x10 TouchGFX/build/STM32F429IDISCO/TouchGFX/generated/gui_generated/src/gamescreen_screen/GameScreenViewBase.o
                0x080007c4                touchgfx::Widget::getLastChild(short, short, touchgfx::Drawable**)
 .text._ZN18GameScreenViewBaseD2Ev
                0x080007d4        0x2 TouchGFX/build/STM32F429IDISCO/TouchGFX/generated/gui_generated/src/gamescreen_screen/GameScreenViewBase.o
                0x080007d4                GameScreenViewBase::~GameScreenViewBase()
                0x080007d4                GameScreenViewBase::~GameScreenViewBase()
 .text._ZN18GameScreenViewBase11setupScreenEv
                0x080007d6        0x2 TouchGFX/build/STM32F429IDISCO/TouchGFX/generated/gui_generated/src/gamescreen_screen/GameScreenViewBase.o
                0x080007d6                GameScreenViewBase::setupScreen()
 .text._ZN18GameScreenViewBaseD0Ev
                0x080007d8        0xe TouchGFX/build/STM32F429IDISCO/TouchGFX/generated/gui_generated/src/gamescreen_screen/GameScreenViewBase.o
                0x080007d8                GameScreenViewBase::~GameScreenViewBase()
 *fill*         0x080007e6        0x2 
 .text._ZN8touchgfx3BoxC2Ev
                0x080007e8       0x38 TouchGFX/build/STM32F429IDISCO/TouchGFX/generated/gui_generated/src/gamescreen_screen/GameScreenViewBase.o
                0x080007e8                touchgfx::Box::Box()
                0x080007e8                touchgfx::Box::Box()
 .text._ZN8touchgfx5Color20getColorFrom24BitRGBEhhh
                0x08000820       0x44 TouchGFX/build/STM32F429IDISCO/TouchGFX/generated/gui_generated/src/gamescreen_screen/GameScreenViewBase.o
                0x08000820                touchgfx::Color::getColorFrom24BitRGB(unsigned char, unsigned char, unsigned char)
 .text._ZN18GameScreenViewBaseC2Ev
                0x08000864      0x148 TouchGFX/build/STM32F429IDISCO/TouchGFX/generated/gui_generated/src/gamescreen_screen/GameScreenViewBase.o
                0x08000864                GameScreenViewBase::GameScreenViewBase()
                0x08000864                GameScreenViewBase::GameScreenViewBase()
 .text._ZN22SettingsScreenViewBaseD2Ev
                0x080009ac        0x2 TouchGFX/build/STM32F429IDISCO/TouchGFX/generated/gui_generated/src/settingsscreen_screen/SettingsScreenViewBase.o
                0x080009ac                SettingsScreenViewBase::~SettingsScreenViewBase()
                0x080009ac                SettingsScreenViewBase::~SettingsScreenViewBase()
 .text._ZN22SettingsScreenViewBase11setupScreenEv
                0x080009ae        0x2 TouchGFX/build/STM32F429IDISCO/TouchGFX/generated/gui_generated/src/settingsscreen_screen/SettingsScreenViewBase.o
                0x080009ae                SettingsScreenViewBase::setupScreen()
 .text._ZN8touchgfx8CallbackI22SettingsScreenViewBaseRKNS_14AbstractButtonEvvED2Ev
                0x080009b0        0x2 TouchGFX/build/STM32F429IDISCO/TouchGFX/generated/gui_generated/src/settingsscreen_screen/SettingsScreenViewBase.o
                0x080009b0                touchgfx::Callback<SettingsScreenViewBase, touchgfx::AbstractButton const&, void, void>::~Callback()
                0x080009b0                touchgfx::Callback<SettingsScreenViewBase, touchgfx::AbstractButton const&, void, void>::~Callback()
 .text._ZN8touchgfx8CallbackI22SettingsScreenViewBaseRKNS_14AbstractButtonEvvE7executeES4_
                0x080009b2       0x1e TouchGFX/build/STM32F429IDISCO/TouchGFX/generated/gui_generated/src/settingsscreen_screen/SettingsScreenViewBase.o
                0x080009b2                touchgfx::Callback<SettingsScreenViewBase, touchgfx::AbstractButton const&, void, void>::execute(touchgfx::AbstractButton const&)
 .text._ZNK8touchgfx8CallbackI22SettingsScreenViewBaseRKNS_14AbstractButtonEvvE7isValidEv
                0x080009d0       0x18 TouchGFX/build/STM32F429IDISCO/TouchGFX/generated/gui_generated/src/settingsscreen_screen/SettingsScreenViewBase.o
                0x080009d0                touchgfx::Callback<SettingsScreenViewBase, touchgfx::AbstractButton const&, void, void>::isValid() const
 .text._ZN8touchgfx8CallbackI22SettingsScreenViewBaseRKNS_14AbstractButtonEvvED0Ev
                0x080009e8        0xe TouchGFX/build/STM32F429IDISCO/TouchGFX/generated/gui_generated/src/settingsscreen_screen/SettingsScreenViewBase.o
                0x080009e8                touchgfx::Callback<SettingsScreenViewBase, touchgfx::AbstractButton const&, void, void>::~Callback()
 .text._ZN22SettingsScreenViewBaseD0Ev
                0x080009f6       0x10 TouchGFX/build/STM32F429IDISCO/TouchGFX/generated/gui_generated/src/settingsscreen_screen/SettingsScreenViewBase.o
                0x080009f6                SettingsScreenViewBase::~SettingsScreenViewBase()
 .text._ZN22SettingsScreenViewBase21buttonCallbackHandlerERKN8touchgfx14AbstractButtonE
                0x08000a06       0x16 TouchGFX/build/STM32F429IDISCO/TouchGFX/generated/gui_generated/src/settingsscreen_screen/SettingsScreenViewBase.o
                0x08000a06                SettingsScreenViewBase::buttonCallbackHandler(touchgfx::AbstractButton const&)
 .text._ZN8touchgfx15ButtonWithLabel18updateTextPositionEv
                0x08000a1c       0x9c TouchGFX/build/STM32F429IDISCO/TouchGFX/generated/gui_generated/src/settingsscreen_screen/SettingsScreenViewBase.o
                0x08000a1c                touchgfx::ButtonWithLabel::updateTextPosition()
 .text._ZN22SettingsScreenViewBaseC2Ev
                0x08000ab8      0x188 TouchGFX/build/STM32F429IDISCO/TouchGFX/generated/gui_generated/src/settingsscreen_screen/SettingsScreenViewBase.o
                0x08000ab8                SettingsScreenViewBase::SettingsScreenViewBase()
                0x08000ab8                SettingsScreenViewBase::SettingsScreenViewBase()
 .text._ZN8touchgfx9TypedTextD2Ev
                0x08000c40        0x2 TouchGFX/build/STM32F429IDISCO/TouchGFX/generated/gui_generated/src/mainscreen_screen/MainScreenViewBase.o
                0x08000c40                touchgfx::TypedText::~TypedText()
                0x08000c40                touchgfx::TypedText::~TypedText()
 .text._ZN18MainScreenViewBaseD2Ev
                0x08000c42        0x2 TouchGFX/build/STM32F429IDISCO/TouchGFX/generated/gui_generated/src/mainscreen_screen/MainScreenViewBase.o
                0x08000c42                MainScreenViewBase::~MainScreenViewBase()
                0x08000c42                MainScreenViewBase::~MainScreenViewBase()
 .text._ZN18MainScreenViewBase11setupScreenEv
                0x08000c44        0x2 TouchGFX/build/STM32F429IDISCO/TouchGFX/generated/gui_generated/src/mainscreen_screen/MainScreenViewBase.o
                0x08000c44                MainScreenViewBase::setupScreen()
 .text._ZN18MainScreenViewBase15afterTransitionEv
                0x08000c46        0x8 TouchGFX/build/STM32F429IDISCO/TouchGFX/generated/gui_generated/src/mainscreen_screen/MainScreenViewBase.o
                0x08000c46                MainScreenViewBase::afterTransition()
 .text._ZN8touchgfx8CallbackI18MainScreenViewBaseRKNS_12FadeAnimatorINS_5ImageEEEvvED2Ev
                0x08000c4e        0x2 TouchGFX/build/STM32F429IDISCO/TouchGFX/generated/gui_generated/src/mainscreen_screen/MainScreenViewBase.o
                0x08000c4e                touchgfx::Callback<MainScreenViewBase, touchgfx::FadeAnimator<touchgfx::Image> const&, void, void>::~Callback()
                0x08000c4e                touchgfx::Callback<MainScreenViewBase, touchgfx::FadeAnimator<touchgfx::Image> const&, void, void>::~Callback()
 .text._ZN8touchgfx12FadeAnimatorINS_5ImageEED2Ev
                0x08000c50        0x2 TouchGFX/build/STM32F429IDISCO/TouchGFX/generated/gui_generated/src/mainscreen_screen/MainScreenViewBase.o
                0x08000c50                touchgfx::FadeAnimator<touchgfx::Image>::~FadeAnimator()
                0x08000c50                touchgfx::FadeAnimator<touchgfx::Image>::~FadeAnimator()
 .text._ZN8touchgfx8CallbackI18MainScreenViewBaseRKNS_12FadeAnimatorINS_5ImageEEEvvE7executeES6_
                0x08000c52       0x1e TouchGFX/build/STM32F429IDISCO/TouchGFX/generated/gui_generated/src/mainscreen_screen/MainScreenViewBase.o
                0x08000c52                touchgfx::Callback<MainScreenViewBase, touchgfx::FadeAnimator<touchgfx::Image> const&, void, void>::execute(touchgfx::FadeAnimator<touchgfx::Image> const&)
 .text._ZNK8touchgfx8CallbackI18MainScreenViewBaseRKNS_12FadeAnimatorINS_5ImageEEEvvE7isValidEv
                0x08000c70       0x18 TouchGFX/build/STM32F429IDISCO/TouchGFX/generated/gui_generated/src/mainscreen_screen/MainScreenViewBase.o
                0x08000c70                touchgfx::Callback<MainScreenViewBase, touchgfx::FadeAnimator<touchgfx::Image> const&, void, void>::isValid() const
 .text._ZN8touchgfx12FadeAnimatorINS_5ImageEE21setFadeAnimationDelayEt
                0x08000c88        0x4 TouchGFX/build/STM32F429IDISCO/TouchGFX/generated/gui_generated/src/mainscreen_screen/MainScreenViewBase.o
                0x08000c88                touchgfx::FadeAnimator<touchgfx::Image>::setFadeAnimationDelay(unsigned short)
 .text._ZNK8touchgfx12FadeAnimatorINS_5ImageEE21getFadeAnimationDelayEv
                0x08000c8c        0x4 TouchGFX/build/STM32F429IDISCO/TouchGFX/generated/gui_generated/src/mainscreen_screen/MainScreenViewBase.o
                0x08000c8c                touchgfx::FadeAnimator<touchgfx::Image>::getFadeAnimationDelay() const
 .text._ZN8touchgfx9TypedTextD0Ev
                0x08000c90        0xe TouchGFX/build/STM32F429IDISCO/TouchGFX/generated/gui_generated/src/mainscreen_screen/MainScreenViewBase.o
                0x08000c90                touchgfx::TypedText::~TypedText()
 .text._ZN8touchgfx12FadeAnimatorINS_5ImageEED0Ev
                0x08000c9e        0xe TouchGFX/build/STM32F429IDISCO/TouchGFX/generated/gui_generated/src/mainscreen_screen/MainScreenViewBase.o
                0x08000c9e                touchgfx::FadeAnimator<touchgfx::Image>::~FadeAnimator()
 .text._ZN8touchgfx8CallbackI18MainScreenViewBaseRKNS_12FadeAnimatorINS_5ImageEEEvvED0Ev
                0x08000cac        0xe TouchGFX/build/STM32F429IDISCO/TouchGFX/generated/gui_generated/src/mainscreen_screen/MainScreenViewBase.o
                0x08000cac                touchgfx::Callback<MainScreenViewBase, touchgfx::FadeAnimator<touchgfx::Image> const&, void, void>::~Callback()
 .text._ZN18MainScreenViewBaseD0Ev
                0x08000cba       0x10 TouchGFX/build/STM32F429IDISCO/TouchGFX/generated/gui_generated/src/mainscreen_screen/MainScreenViewBase.o
                0x08000cba                MainScreenViewBase::~MainScreenViewBase()
 .text._ZN18MainScreenViewBase32interaction2EndedCallbackHandlerERKN8touchgfx12FadeAnimatorINS0_5ImageEEE
                0x08000cca        0xe TouchGFX/build/STM32F429IDISCO/TouchGFX/generated/gui_generated/src/mainscreen_screen/MainScreenViewBase.o
                0x08000cca                MainScreenViewBase::interaction2EndedCallbackHandler(touchgfx::FadeAnimator<touchgfx::Image> const&)
 .text._ZN8touchgfx8DrawableC2Ev
                0x08000cd8       0x2c TouchGFX/build/STM32F429IDISCO/TouchGFX/generated/gui_generated/src/mainscreen_screen/MainScreenViewBase.o
                0x08000cd8                touchgfx::Drawable::Drawable()
                0x08000cd8                touchgfx::Drawable::Drawable()
 .text._ZN8touchgfx8TextAreaC2Ev
                0x08000d04       0x40 TouchGFX/build/STM32F429IDISCO/TouchGFX/generated/gui_generated/src/mainscreen_screen/MainScreenViewBase.o
                0x08000d04                touchgfx::TextArea::TextArea()
                0x08000d04                touchgfx::TextArea::TextArea()
 .text._ZN18MainScreenViewBaseC2Ev
                0x08000d44      0x1f4 TouchGFX/build/STM32F429IDISCO/TouchGFX/generated/gui_generated/src/mainscreen_screen/MainScreenViewBase.o
                0x08000d44                MainScreenViewBase::MainScreenViewBase()
                0x08000d44                MainScreenViewBase::MainScreenViewBase()
 .text._ZN8touchgfx12FadeAnimatorINS_5ImageEE21nextFadeAnimationStepEv
                0x08000f38       0x84 TouchGFX/build/STM32F429IDISCO/TouchGFX/generated/gui_generated/src/mainscreen_screen/MainScreenViewBase.o
                0x08000f38                touchgfx::FadeAnimator<touchgfx::Image>::nextFadeAnimationStep()
 .text._ZN8touchgfx12FadeAnimatorINS_5ImageEE15handleTickEventEv
                0x08000fbc        0x8 TouchGFX/build/STM32F429IDISCO/TouchGFX/generated/gui_generated/src/mainscreen_screen/MainScreenViewBase.o
                0x08000fbc                touchgfx::FadeAnimator<touchgfx::Image>::handleTickEvent()
 .text._ZN18MainScreenViewBase15handleTickEventEv
                0x08000fc4       0x6c TouchGFX/build/STM32F429IDISCO/TouchGFX/generated/gui_generated/src/mainscreen_screen/MainScreenViewBase.o
                0x08000fc4                MainScreenViewBase::handleTickEvent()
 .text._ZN8touchgfx10Transition8tearDownEv
                0x08001030        0x2 TouchGFX/build/STM32F429IDISCO/TouchGFX/generated/gui_generated/src/common/FrontendApplicationBase.o
                0x08001030                touchgfx::Transition::tearDown()
 .text._ZN8touchgfx10Transition4initEv
                0x08001032        0x2 TouchGFX/build/STM32F429IDISCO/TouchGFX/generated/gui_generated/src/common/FrontendApplicationBase.o
                0x08001032                touchgfx::Transition::init()
 .text._ZN8touchgfx10Transition18setScreenContainerERNS_9ContainerE
                0x08001034        0x4 TouchGFX/build/STM32F429IDISCO/TouchGFX/generated/gui_generated/src/common/FrontendApplicationBase.o
                0x08001034                touchgfx::Transition::setScreenContainer(touchgfx::Container&)
 .text._ZN23FrontendApplicationBaseD2Ev
                0x08001038        0x2 TouchGFX/build/STM32F429IDISCO/TouchGFX/generated/gui_generated/src/common/FrontendApplicationBase.o
                0x08001038                FrontendApplicationBase::~FrontendApplicationBase()
                0x08001038                FrontendApplicationBase::~FrontendApplicationBase()
 .text._ZN8touchgfx12NoTransition15handleTickEventEv
                0x0800103a        0x6 TouchGFX/build/STM32F429IDISCO/TouchGFX/generated/gui_generated/src/common/FrontendApplicationBase.o
                0x0800103a                touchgfx::NoTransition::handleTickEvent()
 .text._ZN8touchgfx8CallbackINS_15SlideTransitionILNS_9DirectionE2EEERNS_8DrawableEvvED2Ev
                0x08001040        0x2 TouchGFX/build/STM32F429IDISCO/TouchGFX/generated/gui_generated/src/common/FrontendApplicationBase.o
                0x08001040                touchgfx::Callback<touchgfx::SlideTransition<(touchgfx::Direction)2>, touchgfx::Drawable&, void, void>::~Callback()
                0x08001040                touchgfx::Callback<touchgfx::SlideTransition<(touchgfx::Direction)2>, touchgfx::Drawable&, void, void>::~Callback()
 .text._ZN8touchgfx15SlideTransitionILNS_9DirectionE2EED2Ev
                0x08001042        0x2 TouchGFX/build/STM32F429IDISCO/TouchGFX/generated/gui_generated/src/common/FrontendApplicationBase.o
                0x08001042                touchgfx::SlideTransition<(touchgfx::Direction)2>::~SlideTransition()
                0x08001042                touchgfx::SlideTransition<(touchgfx::Direction)2>::~SlideTransition()
 .text._ZN8touchgfx12NoTransitionD2Ev
                0x08001044        0x2 TouchGFX/build/STM32F429IDISCO/TouchGFX/generated/gui_generated/src/common/FrontendApplicationBase.o
                0x08001044                touchgfx::NoTransition::~NoTransition()
                0x08001044                touchgfx::NoTransition::~NoTransition()
 .text._ZN8touchgfx8CallbackI23FrontendApplicationBasevvvED2Ev
                0x08001046        0x2 TouchGFX/build/STM32F429IDISCO/TouchGFX/generated/gui_generated/src/common/FrontendApplicationBase.o
                0x08001046                touchgfx::Callback<FrontendApplicationBase, void, void, void>::~Callback()
                0x08001046                touchgfx::Callback<FrontendApplicationBase, void, void, void>::~Callback()
 .text._ZN8touchgfx8CallbackINS_15SlideTransitionILNS_9DirectionE2EEERNS_8DrawableEvvE7executeES5_
                0x08001048       0x1e TouchGFX/build/STM32F429IDISCO/TouchGFX/generated/gui_generated/src/common/FrontendApplicationBase.o
                0x08001048                touchgfx::Callback<touchgfx::SlideTransition<(touchgfx::Direction)2>, touchgfx::Drawable&, void, void>::execute(touchgfx::Drawable&)
 .text._ZNK8touchgfx8CallbackINS_15SlideTransitionILNS_9DirectionE2EEERNS_8DrawableEvvE7isValidEv
                0x08001066       0x18 TouchGFX/build/STM32F429IDISCO/TouchGFX/generated/gui_generated/src/common/FrontendApplicationBase.o
                0x08001066                touchgfx::Callback<touchgfx::SlideTransition<(touchgfx::Direction)2>, touchgfx::Drawable&, void, void>::isValid() const
 .text._ZN8touchgfx8CallbackI23FrontendApplicationBasevvvE7executeEv
                0x0800107e       0x20 TouchGFX/build/STM32F429IDISCO/TouchGFX/generated/gui_generated/src/common/FrontendApplicationBase.o
                0x0800107e                touchgfx::Callback<FrontendApplicationBase, void, void, void>::execute()
 .text._ZNK8touchgfx8CallbackI23FrontendApplicationBasevvvE7isValidEv
                0x0800109e       0x18 TouchGFX/build/STM32F429IDISCO/TouchGFX/generated/gui_generated/src/common/FrontendApplicationBase.o
                0x0800109e                touchgfx::Callback<FrontendApplicationBase, void, void, void>::isValid() const
 .text._ZN8touchgfx12NoTransitionD0Ev
                0x080010b6        0xe TouchGFX/build/STM32F429IDISCO/TouchGFX/generated/gui_generated/src/common/FrontendApplicationBase.o
                0x080010b6                touchgfx::NoTransition::~NoTransition()
 .text._ZN23FrontendApplicationBaseD0Ev
                0x080010c4       0x10 TouchGFX/build/STM32F429IDISCO/TouchGFX/generated/gui_generated/src/common/FrontendApplicationBase.o
                0x080010c4                FrontendApplicationBase::~FrontendApplicationBase()
 .text._ZN8touchgfx8CallbackI23FrontendApplicationBasevvvED0Ev
                0x080010d4        0xe TouchGFX/build/STM32F429IDISCO/TouchGFX/generated/gui_generated/src/common/FrontendApplicationBase.o
                0x080010d4                touchgfx::Callback<FrontendApplicationBase, void, void, void>::~Callback()
 .text._ZN8touchgfx15SlideTransitionILNS_9DirectionE2EED0Ev
                0x080010e2        0xe TouchGFX/build/STM32F429IDISCO/TouchGFX/generated/gui_generated/src/common/FrontendApplicationBase.o
                0x080010e2                touchgfx::SlideTransition<(touchgfx::Direction)2>::~SlideTransition()
 .text._ZN8touchgfx8CallbackINS_15SlideTransitionILNS_9DirectionE2EEERNS_8DrawableEvvED0Ev
                0x080010f0        0xe TouchGFX/build/STM32F429IDISCO/TouchGFX/generated/gui_generated/src/common/FrontendApplicationBase.o
                0x080010f0                touchgfx::Callback<touchgfx::SlideTransition<(touchgfx::Direction)2>, touchgfx::Drawable&, void, void>::~Callback()
 .text._ZN8touchgfx10Transition10invalidateEv
                0x080010fe       0x10 TouchGFX/build/STM32F429IDISCO/TouchGFX/generated/gui_generated/src/common/FrontendApplicationBase.o
                0x080010fe                touchgfx::Transition::invalidate()
 .text._ZN8touchgfx15SlideTransitionILNS_9DirectionE2EE16tickMoveDrawableERNS_8DrawableE
                0x0800110e       0x44 TouchGFX/build/STM32F429IDISCO/TouchGFX/generated/gui_generated/src/common/FrontendApplicationBase.o
                0x0800110e                touchgfx::SlideTransition<(touchgfx::Direction)2>::tickMoveDrawable(touchgfx::Drawable&)
 *fill*         0x08001152        0x2 
 .text._ZN8touchgfx15SlideTransitionILNS_9DirectionE2EE8tearDownEv
                0x08001154       0x1c TouchGFX/build/STM32F429IDISCO/TouchGFX/generated/gui_generated/src/common/FrontendApplicationBase.o
                0x08001154                touchgfx::SlideTransition<(touchgfx::Direction)2>::tearDown()
 .text._ZN8touchgfx15SlideTransitionILNS_9DirectionE2EE16initMoveDrawableERNS_8DrawableE
                0x08001170       0x64 TouchGFX/build/STM32F429IDISCO/TouchGFX/generated/gui_generated/src/common/FrontendApplicationBase.o
                0x08001170                touchgfx::SlideTransition<(touchgfx::Direction)2>::initMoveDrawable(touchgfx::Drawable&)
 .text._ZN8touchgfx15SlideTransitionILNS_9DirectionE2EE15handleTickEventEv
                0x080011d4       0xac TouchGFX/build/STM32F429IDISCO/TouchGFX/generated/gui_generated/src/common/FrontendApplicationBase.o
                0x080011d4                touchgfx::SlideTransition<(touchgfx::Direction)2>::handleTickEvent()
 .text._ZN8touchgfx15SlideTransitionILNS_9DirectionE2EE4initEv
                0x08001280       0x3c TouchGFX/build/STM32F429IDISCO/TouchGFX/generated/gui_generated/src/common/FrontendApplicationBase.o
                0x08001280                touchgfx::SlideTransition<(touchgfx::Direction)2>::init()
 .text._ZN23FrontendApplicationBaseC2ER5ModelR12FrontendHeap
                0x080012bc       0x70 TouchGFX/build/STM32F429IDISCO/TouchGFX/generated/gui_generated/src/common/FrontendApplicationBase.o
                0x080012bc                FrontendApplicationBase::FrontendApplicationBase(Model&, FrontendHeap&)
                0x080012bc                FrontendApplicationBase::FrontendApplicationBase(Model&, FrontendHeap&)
 .text._ZN23FrontendApplicationBase32gotoMainScreenScreenNoTransitionEv
                0x0800132c       0x20 TouchGFX/build/STM32F429IDISCO/TouchGFX/generated/gui_generated/src/common/FrontendApplicationBase.o
                0x0800132c                FrontendApplicationBase::gotoMainScreenScreenNoTransition()
 .text._ZN23FrontendApplicationBase43gotoSettingsScreenScreenSlideTransitionEastEv
                0x0800134c       0x20 TouchGFX/build/STM32F429IDISCO/TouchGFX/generated/gui_generated/src/common/FrontendApplicationBase.o
                0x0800134c                FrontendApplicationBase::gotoSettingsScreenScreenSlideTransitionEast()
 .text._ZN23FrontendApplicationBase39gotoGameScreenScreenSlideTransitionEastEv
                0x0800136c       0x20 TouchGFX/build/STM32F429IDISCO/TouchGFX/generated/gui_generated/src/common/FrontendApplicationBase.o
                0x0800136c                FrontendApplicationBase::gotoGameScreenScreenSlideTransitionEast()
 .text._ZN8touchgfx14makeTransitionI14MainScreenView19MainScreenPresenterNS_12NoTransitionE5ModelEEPT0_PPNS_6ScreenEPPNS_9PresenterERNS_7MVPHeapEPPNS_10TransitionEPT2_
                0x0800138c      0x140 TouchGFX/build/STM32F429IDISCO/TouchGFX/generated/gui_generated/src/common/FrontendApplicationBase.o
                0x0800138c                MainScreenPresenter* touchgfx::makeTransition<MainScreenView, MainScreenPresenter, touchgfx::NoTransition, Model>(touchgfx::Screen**, touchgfx::Presenter**, touchgfx::MVPHeap&, touchgfx::Transition**, Model*)
 .text._ZN23FrontendApplicationBase36gotoMainScreenScreenNoTransitionImplEv
                0x080014cc       0x28 TouchGFX/build/STM32F429IDISCO/TouchGFX/generated/gui_generated/src/common/FrontendApplicationBase.o
                0x080014cc                FrontendApplicationBase::gotoMainScreenScreenNoTransitionImpl()
 .text._ZN8touchgfx15SlideTransitionILNS_9DirectionE2EEC2Eh
                0x080014f4       0xa8 TouchGFX/build/STM32F429IDISCO/TouchGFX/generated/gui_generated/src/common/FrontendApplicationBase.o
                0x080014f4                touchgfx::SlideTransition<(touchgfx::Direction)2>::SlideTransition(unsigned char)
                0x080014f4                touchgfx::SlideTransition<(touchgfx::Direction)2>::SlideTransition(unsigned char)
 .text._ZN8touchgfx14makeTransitionI18SettingsScreenView23SettingsScreenPresenterNS_15SlideTransitionILNS_9DirectionE2EEE5ModelEEPT0_PPNS_6ScreenEPPNS_9PresenterERNS_7MVPHeapEPPNS_10TransitionEPT2_
                0x0800159c      0x138 TouchGFX/build/STM32F429IDISCO/TouchGFX/generated/gui_generated/src/common/FrontendApplicationBase.o
                0x0800159c                SettingsScreenPresenter* touchgfx::makeTransition<SettingsScreenView, SettingsScreenPresenter, touchgfx::SlideTransition<(touchgfx::Direction)2>, Model>(touchgfx::Screen**, touchgfx::Presenter**, touchgfx::MVPHeap&, touchgfx::Transition**, Model*)
 .text._ZN23FrontendApplicationBase47gotoSettingsScreenScreenSlideTransitionEastImplEv
                0x080016d4       0x28 TouchGFX/build/STM32F429IDISCO/TouchGFX/generated/gui_generated/src/common/FrontendApplicationBase.o
                0x080016d4                FrontendApplicationBase::gotoSettingsScreenScreenSlideTransitionEastImpl()
 .text._ZN8touchgfx14makeTransitionI14GameScreenView19GameScreenPresenterNS_15SlideTransitionILNS_9DirectionE2EEE5ModelEEPT0_PPNS_6ScreenEPPNS_9PresenterERNS_7MVPHeapEPPNS_10TransitionEPT2_
                0x080016fc      0x134 TouchGFX/build/STM32F429IDISCO/TouchGFX/generated/gui_generated/src/common/FrontendApplicationBase.o
                0x080016fc                GameScreenPresenter* touchgfx::makeTransition<GameScreenView, GameScreenPresenter, touchgfx::SlideTransition<(touchgfx::Direction)2>, Model>(touchgfx::Screen**, touchgfx::Presenter**, touchgfx::MVPHeap&, touchgfx::Transition**, Model*)
 .text._ZN23FrontendApplicationBase43gotoGameScreenScreenSlideTransitionEastImplEv
                0x08001830       0x28 TouchGFX/build/STM32F429IDISCO/TouchGFX/generated/gui_generated/src/common/FrontendApplicationBase.o
                0x08001830                FrontendApplicationBase::gotoGameScreenScreenSlideTransitionEastImpl()
 .text._ZNK8touchgfx4Font8getGlyphEt
                0x08001858       0x1e TouchGFX/build/STM32F429IDISCO/TouchGFX/generated/fonts/src/GeneratedFont.o
                0x08001858                touchgfx::Font::getGlyph(unsigned short) const
 .text._ZNK8touchgfx4Font15getFallbackCharEv
                0x08001876        0x4 TouchGFX/build/STM32F429IDISCO/TouchGFX/generated/fonts/src/GeneratedFont.o
                0x08001876                touchgfx::Font::getFallbackChar() const
 .text._ZNK8touchgfx4Font15getEllipsisCharEv
                0x0800187a        0x4 TouchGFX/build/STM32F429IDISCO/TouchGFX/generated/fonts/src/GeneratedFont.o
                0x0800187a                touchgfx::Font::getEllipsisChar() const
 .text._ZNK8touchgfx4Font13getFontHeightEv
                0x0800187e        0x4 TouchGFX/build/STM32F429IDISCO/TouchGFX/generated/fonts/src/GeneratedFont.o
                0x0800187e                touchgfx::Font::getFontHeight() const
 .text._ZNK8touchgfx4Font20getMinimumTextHeightEv
                0x08001882        0xa TouchGFX/build/STM32F429IDISCO/TouchGFX/generated/fonts/src/GeneratedFont.o
                0x08001882                touchgfx::Font::getMinimumTextHeight() const
 .text._ZNK8touchgfx4Font15getBitsPerPixelEv
                0x0800188c        0x8 TouchGFX/build/STM32F429IDISCO/TouchGFX/generated/fonts/src/GeneratedFont.o
                0x0800188c                touchgfx::Font::getBitsPerPixel() const
 .text._ZNK8touchgfx4Font15getByteAlignRowEv
                0x08001894        0x6 TouchGFX/build/STM32F429IDISCO/TouchGFX/generated/fonts/src/GeneratedFont.o
                0x08001894                touchgfx::Font::getByteAlignRow() const
 .text._ZNK8touchgfx13GeneratedFont12getGSUBTableEv
                0x0800189a        0x4 TouchGFX/build/STM32F429IDISCO/TouchGFX/generated/fonts/src/GeneratedFont.o
                0x0800189a                touchgfx::GeneratedFont::getGSUBTable() const
 .text._ZN8touchgfx13GeneratedFontD2Ev
                0x0800189e        0x2 TouchGFX/build/STM32F429IDISCO/TouchGFX/generated/fonts/src/GeneratedFont.o
                0x0800189e                touchgfx::GeneratedFont::~GeneratedFont()
                0x0800189e                touchgfx::GeneratedFont::~GeneratedFont()
 .text._ZNK8touchgfx13GeneratedFont12getPixelDataEPKNS_9GlyphNodeE
                0x080018a0       0x10 TouchGFX/build/STM32F429IDISCO/TouchGFX/generated/fonts/src/GeneratedFont.o
                0x080018a0                touchgfx::GeneratedFont::getPixelData(touchgfx::GlyphNode const*) const
 .text._ZNK8touchgfx13GeneratedFont10getKerningEtPKNS_9GlyphNodeE
                0x080018b0       0x3a TouchGFX/build/STM32F429IDISCO/TouchGFX/generated/fonts/src/GeneratedFont.o
                0x080018b0                touchgfx::GeneratedFont::getKerning(unsigned short, touchgfx::GlyphNode const*) const
 .text._ZN8touchgfx13GeneratedFontD0Ev
                0x080018ea        0xe TouchGFX/build/STM32F429IDISCO/TouchGFX/generated/fonts/src/GeneratedFont.o
                0x080018ea                touchgfx::GeneratedFont::~GeneratedFont()
 .text._ZN8touchgfx13GeneratedFontC2EPKNS_9GlyphNodeEtthhhhhPKPKhPKNS_11KerningNodeEttPKt
                0x080018f8       0x50 TouchGFX/build/STM32F429IDISCO/TouchGFX/generated/fonts/src/GeneratedFont.o
                0x080018f8                touchgfx::GeneratedFont::GeneratedFont(touchgfx::GlyphNode const*, unsigned short, unsigned short, unsigned char, unsigned char, unsigned char, unsigned char, unsigned char, unsigned char const* const*, touchgfx::KerningNode const*, unsigned short, unsigned short, unsigned short const*)
                0x080018f8                touchgfx::GeneratedFont::GeneratedFont(touchgfx::GlyphNode const*, unsigned short, unsigned short, unsigned char, unsigned char, unsigned char, unsigned char, unsigned char, unsigned char const* const*, touchgfx::KerningNode const*, unsigned short, unsigned short, unsigned short const*)
 .text._Z23getFont_verdana_10_4bppv
                0x08001948       0x78 TouchGFX/build/STM32F429IDISCO/TouchGFX/generated/fonts/src/Table_verdana_10_4bpp.o
                0x08001948                getFont_verdana_10_4bpp()
 .text._Z23getFont_verdana_40_4bppv
                0x080019c0       0x74 TouchGFX/build/STM32F429IDISCO/TouchGFX/generated/fonts/src/Table_verdana_40_4bpp.o
                0x080019c0                getFont_verdana_40_4bpp()
 .text._Z23getFont_verdana_20_4bppv
                0x08001a34       0x78 TouchGFX/build/STM32F429IDISCO/TouchGFX/generated/fonts/src/Table_verdana_20_4bpp.o
                0x08001a34                getFont_verdana_20_4bpp()
 .text._ZN23ApplicationFontProviderD2Ev
                0x08001aac        0x2 TouchGFX/build/STM32F429IDISCO/TouchGFX/generated/fonts/src/ApplicationFontProvider.o
                0x08001aac                ApplicationFontProvider::~ApplicationFontProvider()
                0x08001aac                ApplicationFontProvider::~ApplicationFontProvider()
 .text._ZN23ApplicationFontProviderD0Ev
                0x08001aae        0xe TouchGFX/build/STM32F429IDISCO/TouchGFX/generated/fonts/src/ApplicationFontProvider.o
                0x08001aae                ApplicationFontProvider::~ApplicationFontProvider()
 .text._ZN23ApplicationFontProvider7getFontEt
                0x08001abc       0x28 TouchGFX/build/STM32F429IDISCO/TouchGFX/generated/fonts/src/ApplicationFontProvider.o
                0x08001abc                ApplicationFontProvider::getFont(unsigned short)
 .text._ZN14BitmapDatabase11getInstanceEv
                0x08001ae4        0x8 TouchGFX/build/STM32F429IDISCO/TouchGFX/generated/images/src/BitmapDatabase.o
                0x08001ae4                BitmapDatabase::getInstance()
 .text._ZN14BitmapDatabase15getInstanceSizeEv
                0x08001aec        0x4 TouchGFX/build/STM32F429IDISCO/TouchGFX/generated/images/src/BitmapDatabase.o
                0x08001aec                BitmapDatabase::getInstanceSize()
 .text._ZN17TypedTextDatabase15getInstanceSizeEv
                0x08001af0        0x4 TouchGFX/build/STM32F429IDISCO/TouchGFX/generated/texts/src/TypedTextDatabase.o
                0x08001af0                TypedTextDatabase::getInstanceSize()
 .text._ZN17TypedTextDatabase8getFontsEv
                0x08001af4        0x8 TouchGFX/build/STM32F429IDISCO/TouchGFX/generated/texts/src/TypedTextDatabase.o
                0x08001af4                TypedTextDatabase::getFonts()
 .text.startup._GLOBAL__sub_I_touchgfx_fonts
                0x08001afc       0x1c TouchGFX/build/STM32F429IDISCO/TouchGFX/generated/texts/src/TypedTextDatabase.o
 .text._ZNK8touchgfx4Font12getGSUBTableEv
                0x08001b18        0x4 TouchGFX/build/STM32F429IDISCO/TouchGFX/generated/texts/src/Texts.o
                0x08001b18                touchgfx::Font::getGSUBTable() const
 .text._ZNK8touchgfx4Font14getStringWidthEPKtz
                0x08001b1c       0x1c TouchGFX/build/STM32F429IDISCO/TouchGFX/generated/texts/src/Texts.o
                0x08001b1c                touchgfx::Font::getStringWidth(unsigned short const*, ...) const
 .text._ZNK8touchgfx4Font14getStringWidthEhPKtz
                0x08001b38       0x1a TouchGFX/build/STM32F429IDISCO/TouchGFX/generated/texts/src/Texts.o
                0x08001b38                touchgfx::Font::getStringWidth(unsigned char, unsigned short const*, ...) const
 *fill*         0x08001b52        0x2 
 .text._ZN8touchgfx12TextProvider15getNextLigatureEh
                0x08001b54       0x84 TouchGFX/build/STM32F429IDISCO/TouchGFX/generated/texts/src/Texts.o
                0x08001b54                touchgfx::TextProvider::getNextLigature(unsigned char)
 .text._ZN8touchgfx12TextProvider18initializeInternalEv
                0x08001bd8        0x4 TouchGFX/build/STM32F429IDISCO/TouchGFX/generated/texts/src/Texts.o
                0x08001bd8                touchgfx::TextProvider::initializeInternal()
 .text._ZN8touchgfx3LCD10drawStringENS_4RectERKS1_RKNS0_13StringVisualsEPKtz
                0x08001bdc       0x22 TouchGFX/build/STM32F429IDISCO/TouchGFX/generated/texts/src/Texts.o
                0x08001bdc                touchgfx::LCD::drawString(touchgfx::Rect, touchgfx::Rect const&, touchgfx::LCD::StringVisuals const&, unsigned short const*, ...)
 *fill*         0x08001bfe        0x2 
 .text._ZN8touchgfx5Texts11setLanguageEt
                0x08001c00       0x74 TouchGFX/build/STM32F429IDISCO/TouchGFX/generated/texts/src/Texts.o
                0x08001c00                touchgfx::Texts::setLanguage(unsigned short)
 .text._ZNK8touchgfx5Texts7getTextEt
                0x08001c74       0x1c TouchGFX/build/STM32F429IDISCO/TouchGFX/generated/texts/src/Texts.o
                0x08001c74                touchgfx::Texts::getText(unsigned short) const
 .text._ZN8touchgfx3HAL21setDisplayOrientationENS_18DisplayOrientationE
                0x08001c90        0xc TouchGFX/build/STM32F429IDISCO/TouchGFX/target/generated/TouchGFXGeneratedHAL.o
                0x08001c90                touchgfx::HAL::setDisplayOrientation(touchgfx::DisplayOrientation)
 .text._ZN8touchgfx3HAL9sampleKeyERh
                0x08001c9c        0x4 TouchGFX/build/STM32F429IDISCO/TouchGFX/target/generated/TouchGFXGeneratedHAL.o
                0x08001c9c                touchgfx::HAL::sampleKey(unsigned char&)
 .text._ZNK8touchgfx3HAL18getFlashDataReaderEv
                0x08001ca0        0x4 TouchGFX/build/STM32F429IDISCO/TouchGFX/target/generated/TouchGFXGeneratedHAL.o
                0x08001ca0                touchgfx::HAL::getFlashDataReader() const
 .text._ZN8touchgfx3HAL9taskDelayEt
                0x08001ca4        0xa TouchGFX/build/STM32F429IDISCO/TouchGFX/target/generated/TouchGFXGeneratedHAL.o
                0x08001ca4                touchgfx::HAL::taskDelay(unsigned short)
 .text._ZN8touchgfx3HAL17getTFTCurrentLineEv
                0x08001cae        0x6 TouchGFX/build/STM32F429IDISCO/TouchGFX/target/generated/TouchGFXGeneratedHAL.o
                0x08001cae                touchgfx::HAL::getTFTCurrentLine()
 .text._ZN8touchgfx3HAL10getDMATypeEv
                0x08001cb4        0x8 TouchGFX/build/STM32F429IDISCO/TouchGFX/target/generated/TouchGFXGeneratedHAL.o
                0x08001cb4                touchgfx::HAL::getDMAType()
 .text._ZN20TouchGFXGeneratedHAL19configureInterruptsEv
                0x08001cbc       0x14 TouchGFX/build/STM32F429IDISCO/TouchGFX/target/generated/TouchGFXGeneratedHAL.o
                0x08001cbc                TouchGFXGeneratedHAL::configureInterrupts()
 .text._ZN20TouchGFXGeneratedHAL28enableLCDControllerInterruptEv
                0x08001cd0       0x34 TouchGFX/build/STM32F429IDISCO/TouchGFX/target/generated/TouchGFXGeneratedHAL.o
                0x08001cd0                TouchGFXGeneratedHAL::enableLCDControllerInterrupt()
 .text._ZNK20TouchGFXGeneratedHAL17getTFTFrameBufferEv
                0x08001d04        0xc TouchGFX/build/STM32F429IDISCO/TouchGFX/target/generated/TouchGFXGeneratedHAL.o
                0x08001d04                TouchGFXGeneratedHAL::getTFTFrameBuffer() const
 .text._ZN20TouchGFXGeneratedHAL17setTFTFrameBufferEPt
                0x08001d10       0x10 TouchGFX/build/STM32F429IDISCO/TouchGFX/target/generated/TouchGFXGeneratedHAL.o
                0x08001d10                TouchGFXGeneratedHAL::setTFTFrameBuffer(unsigned short*)
 .text._ZN8touchgfx3HAL28setFrameBufferStartAddressesEPvS1_S1_
                0x08001d20       0x44 TouchGFX/build/STM32F429IDISCO/TouchGFX/target/generated/TouchGFXGeneratedHAL.o
                0x08001d20                touchgfx::HAL::setFrameBufferStartAddresses(void*, void*, void*)
 .text._ZN8touchgfx3HAL26setFrameBufferStartAddressEPvtbb
                0x08001d64       0x90 TouchGFX/build/STM32F429IDISCO/TouchGFX/target/generated/TouchGFXGeneratedHAL.o
                0x08001d64                touchgfx::HAL::setFrameBufferStartAddress(void*, unsigned short, bool, bool)
 .text._ZN20TouchGFXGeneratedHAL16flushFrameBufferERKN8touchgfx4RectE
                0x08001df4        0x4 TouchGFX/build/STM32F429IDISCO/TouchGFX/target/generated/TouchGFXGeneratedHAL.o
                0x08001df4                TouchGFXGeneratedHAL::flushFrameBuffer(touchgfx::Rect const&)
 .text._ZN8touchgfx3HAL15backPorchExitedEv
                0x08001df8       0x16 TouchGFX/build/STM32F429IDISCO/TouchGFX/target/generated/TouchGFXGeneratedHAL.o
                0x08001df8                touchgfx::HAL::backPorchExited()
 .text._ZN8touchgfx3HAL11getBlitCapsEv
                0x08001e0e       0x12 TouchGFX/build/STM32F429IDISCO/TouchGFX/target/generated/TouchGFXGeneratedHAL.o
                0x08001e0e                touchgfx::HAL::getBlitCaps()
 .text._ZN8touchgfx3HAL31performDisplayOrientationChangeEv
                0x08001e20       0x60 TouchGFX/build/STM32F429IDISCO/TouchGFX/target/generated/TouchGFXGeneratedHAL.o
                0x08001e20                touchgfx::HAL::performDisplayOrientationChange()
 .text._ZN20TouchGFXGeneratedHAL16enableInterruptsEv
                0x08001e80       0x14 TouchGFX/build/STM32F429IDISCO/TouchGFX/target/generated/TouchGFXGeneratedHAL.o
                0x08001e80                TouchGFXGeneratedHAL::enableInterrupts()
 .text._ZN20TouchGFXGeneratedHAL17disableInterruptsEv
                0x08001e94       0x28 TouchGFX/build/STM32F429IDISCO/TouchGFX/target/generated/TouchGFXGeneratedHAL.o
                0x08001e94                TouchGFXGeneratedHAL::disableInterrupts()
 .text._ZN20TouchGFXGeneratedHAL10initializeEv
                0x08001ebc       0x34 TouchGFX/build/STM32F429IDISCO/TouchGFX/target/generated/TouchGFXGeneratedHAL.o
                0x08001ebc                TouchGFXGeneratedHAL::initialize()
 .text.HAL_LTDC_LineEventCallback
                0x08001ef0       0x60 TouchGFX/build/STM32F429IDISCO/TouchGFX/target/generated/TouchGFXGeneratedHAL.o
                0x08001ef0                HAL_LTDC_LineEventCallback
 .text._ZN8touchgfx13DMA_Interface5flushEv
                0x08001f50        0x6 TouchGFX/build/STM32F429IDISCO/TouchGFX/target/generated/STM32DMA.o
                0x08001f50                touchgfx::DMA_Interface::flush()
 .text._ZN8touchgfx13DMA_Interface10getDMATypeEv
                0x08001f56        0x4 TouchGFX/build/STM32F429IDISCO/TouchGFX/target/generated/STM32DMA.o
                0x08001f56                touchgfx::DMA_Interface::getDMAType()
 .text._ZN10STM32F4DMA18signalDMAInterruptEv
                0x08001f5a        0x6 TouchGFX/build/STM32F429IDISCO/TouchGFX/target/generated/STM32DMA.o
                0x08001f5a                STM32F4DMA::signalDMAInterrupt()
 .text._ZN10STM32F4DMA11getBlitCapsEv
                0x08001f60        0x6 TouchGFX/build/STM32F429IDISCO/TouchGFX/target/generated/STM32DMA.o
                0x08001f60                STM32F4DMA::getBlitCaps()
 *fill*         0x08001f66        0x2 
 .text._ZN10STM32F4DMA10initializeEv
                0x08001f68       0x34 TouchGFX/build/STM32F429IDISCO/TouchGFX/target/generated/STM32DMA.o
                0x08001f68                STM32F4DMA::initialize()
 .text.DMA2D_XferErrorCallback
                0x08001f9c       0x1c TouchGFX/build/STM32F429IDISCO/TouchGFX/target/generated/STM32DMA.o
 .text.DMA2D_XferCpltCallback
                0x08001fb8       0x10 TouchGFX/build/STM32F429IDISCO/TouchGFX/target/generated/STM32DMA.o
 .text._ZN10STM32F4DMAD2Ev
                0x08001fc8       0x30 TouchGFX/build/STM32F429IDISCO/TouchGFX/target/generated/STM32DMA.o
                0x08001fc8                STM32F4DMA::~STM32F4DMA()
                0x08001fc8                STM32F4DMA::~STM32F4DMA()
 .text._ZN10STM32F4DMAD0Ev
                0x08001ff8       0x16 TouchGFX/build/STM32F429IDISCO/TouchGFX/target/generated/STM32DMA.o
                0x08001ff8                STM32F4DMA::~STM32F4DMA()
 *fill*         0x0800200e        0x2 
 .text._ZN8touchgfx3HAL3lcdEv
                0x08002010       0x18 TouchGFX/build/STM32F429IDISCO/TouchGFX/target/generated/STM32DMA.o
                0x08002010                touchgfx::HAL::lcd()
 .text._ZN10STM32F4DMA13setupDataCopyERKN8touchgfx6BlitOpE
                0x08002028      0x1a0 TouchGFX/build/STM32F429IDISCO/TouchGFX/target/generated/STM32DMA.o
                0x08002028                STM32F4DMA::setupDataCopy(touchgfx::BlitOp const&)
 .text._ZN10STM32F4DMA13setupDataFillERKN8touchgfx6BlitOpE
                0x080021c8      0x104 TouchGFX/build/STM32F429IDISCO/TouchGFX/target/generated/STM32DMA.o
                0x080021c8                STM32F4DMA::setupDataFill(touchgfx::BlitOp const&)
 .text._ZN10STM32F4DMAC2Ev
                0x080022cc       0x34 TouchGFX/build/STM32F429IDISCO/TouchGFX/target/generated/STM32DMA.o
                0x080022cc                STM32F4DMA::STM32F4DMA()
                0x080022cc                STM32F4DMA::STM32F4DMA()
 .text._ZN8touchgfx10OSWrappers10initializeEv
                0x08002300       0x30 TouchGFX/build/STM32F429IDISCO/TouchGFX/target/generated/OSWrappers.o
                0x08002300                touchgfx::OSWrappers::initialize()
 .text._ZN8touchgfx10OSWrappers24takeFrameBufferSemaphoreEv
                0x08002330       0x30 TouchGFX/build/STM32F429IDISCO/TouchGFX/target/generated/OSWrappers.o
                0x08002330                touchgfx::OSWrappers::takeFrameBufferSemaphore()
 .text._ZN8touchgfx10OSWrappers24giveFrameBufferSemaphoreEv
                0x08002360       0x2c TouchGFX/build/STM32F429IDISCO/TouchGFX/target/generated/OSWrappers.o
                0x08002360                touchgfx::OSWrappers::giveFrameBufferSemaphore()
 .text._ZN8touchgfx10OSWrappers27tryTakeFrameBufferSemaphoreEv
                0x0800238c       0x30 TouchGFX/build/STM32F429IDISCO/TouchGFX/target/generated/OSWrappers.o
                0x0800238c                touchgfx::OSWrappers::tryTakeFrameBufferSemaphore()
 .text._ZN8touchgfx10OSWrappers31giveFrameBufferSemaphoreFromISREv
                0x080023bc       0x2c TouchGFX/build/STM32F429IDISCO/TouchGFX/target/generated/OSWrappers.o
                0x080023bc                touchgfx::OSWrappers::giveFrameBufferSemaphoreFromISR()
 .text._ZN8touchgfx10OSWrappers11signalVSyncEv
                0x080023e8       0x1c TouchGFX/build/STM32F429IDISCO/TouchGFX/target/generated/OSWrappers.o
                0x080023e8                touchgfx::OSWrappers::signalVSync()
 .text._ZN8touchgfx10OSWrappers12waitForVSyncEv
                0x08002404       0x28 TouchGFX/build/STM32F429IDISCO/TouchGFX/target/generated/OSWrappers.o
                0x08002404                touchgfx::OSWrappers::waitForVSync()
 .text._ZN20STM32TouchControllerD2Ev
                0x0800242c        0x2 TouchGFX/build/STM32F429IDISCO/TouchGFX/target/generated/TouchGFXConfiguration.o
                0x0800242c                STM32TouchController::~STM32TouchController()
                0x0800242c                STM32TouchController::~STM32TouchController()
 .text._ZN8touchgfx8LCD16bppD2Ev
                0x0800242e        0x2 TouchGFX/build/STM32F429IDISCO/TouchGFX/target/generated/TouchGFXConfiguration.o
                0x0800242e                touchgfx::LCD16bpp::~LCD16bpp()
                0x0800242e                touchgfx::LCD16bpp::~LCD16bpp()
 .text._ZN11TouchGFXHALD2Ev
                0x08002430        0x2 TouchGFX/build/STM32F429IDISCO/TouchGFX/target/generated/TouchGFXConfiguration.o
                0x08002430                TouchGFXHAL::~TouchGFXHAL()
                0x08002430                TouchGFXHAL::~TouchGFXHAL()
 .text._ZNK8touchgfx9PartitionINS_4meta8TypeListINS_15SlideTransitionILNS_9DirectionE2EEENS2_INS1_3NilES6_EEEELt1EE8capacityEv
                0x08002432        0x4 TouchGFX/build/STM32F429IDISCO/TouchGFX/target/generated/TouchGFXConfiguration.o
                0x08002432                touchgfx::Partition<touchgfx::meta::TypeList<touchgfx::SlideTransition<(touchgfx::Direction)2>, touchgfx::meta::TypeList<touchgfx::meta::Nil, touchgfx::meta::Nil> >, (unsigned short)1>::capacity() const
 .text._ZN8touchgfx9PartitionINS_4meta8TypeListINS_15SlideTransitionILNS_9DirectionE2EEENS2_INS1_3NilES6_EEEELt1EE12element_sizeEv
                0x08002436        0x4 TouchGFX/build/STM32F429IDISCO/TouchGFX/target/generated/TouchGFXConfiguration.o
                0x08002436                touchgfx::Partition<touchgfx::meta::TypeList<touchgfx::SlideTransition<(touchgfx::Direction)2>, touchgfx::meta::TypeList<touchgfx::meta::Nil, touchgfx::meta::Nil> >, (unsigned short)1>::element_size()
 .text._ZN8touchgfx9PartitionINS_4meta8TypeListINS_15SlideTransitionILNS_9DirectionE2EEENS2_INS1_3NilES6_EEEELt1EE7elementEt
                0x0800243a        0xa TouchGFX/build/STM32F429IDISCO/TouchGFX/target/generated/TouchGFXConfiguration.o
                0x0800243a                touchgfx::Partition<touchgfx::meta::TypeList<touchgfx::SlideTransition<(touchgfx::Direction)2>, touchgfx::meta::TypeList<touchgfx::meta::Nil, touchgfx::meta::Nil> >, (unsigned short)1>::element(unsigned short)
 .text._ZNK8touchgfx9PartitionINS_4meta8TypeListINS_15SlideTransitionILNS_9DirectionE2EEENS2_INS1_3NilES6_EEEELt1EE7elementEt
                0x08002444        0xa TouchGFX/build/STM32F429IDISCO/TouchGFX/target/generated/TouchGFXConfiguration.o
                0x08002444                touchgfx::Partition<touchgfx::meta::TypeList<touchgfx::SlideTransition<(touchgfx::Direction)2>, touchgfx::meta::TypeList<touchgfx::meta::Nil, touchgfx::meta::Nil> >, (unsigned short)1>::element(unsigned short) const
 .text._ZNK8touchgfx9PartitionINS_4meta8TypeListI14MainScreenViewNS2_INS1_3NilES4_EEEELt1EE8capacityEv
                0x0800244e        0x4 TouchGFX/build/STM32F429IDISCO/TouchGFX/target/generated/TouchGFXConfiguration.o
                0x0800244e                touchgfx::Partition<touchgfx::meta::TypeList<MainScreenView, touchgfx::meta::TypeList<touchgfx::meta::Nil, touchgfx::meta::Nil> >, (unsigned short)1>::capacity() const
 .text._ZN8touchgfx9PartitionINS_4meta8TypeListI14MainScreenViewNS2_INS1_3NilES4_EEEELt1EE12element_sizeEv
                0x08002452        0x6 TouchGFX/build/STM32F429IDISCO/TouchGFX/target/generated/TouchGFXConfiguration.o
                0x08002452                touchgfx::Partition<touchgfx::meta::TypeList<MainScreenView, touchgfx::meta::TypeList<touchgfx::meta::Nil, touchgfx::meta::Nil> >, (unsigned short)1>::element_size()
 .text._ZN8touchgfx9PartitionINS_4meta8TypeListI14MainScreenViewNS2_INS1_3NilES4_EEEELt1EE7elementEt
                0x08002458        0xc TouchGFX/build/STM32F429IDISCO/TouchGFX/target/generated/TouchGFXConfiguration.o
                0x08002458                touchgfx::Partition<touchgfx::meta::TypeList<MainScreenView, touchgfx::meta::TypeList<touchgfx::meta::Nil, touchgfx::meta::Nil> >, (unsigned short)1>::element(unsigned short)
 .text._ZNK8touchgfx9PartitionINS_4meta8TypeListI14MainScreenViewNS2_INS1_3NilES4_EEEELt1EE7elementEt
                0x08002464        0xc TouchGFX/build/STM32F429IDISCO/TouchGFX/target/generated/TouchGFXConfiguration.o
                0x08002464                touchgfx::Partition<touchgfx::meta::TypeList<MainScreenView, touchgfx::meta::TypeList<touchgfx::meta::Nil, touchgfx::meta::Nil> >, (unsigned short)1>::element(unsigned short) const
 .text._ZNK8touchgfx9PartitionINS_4meta8TypeListI19GameScreenPresenterNS2_INS1_3NilES4_EEEELt1EE8capacityEv
                0x08002470        0x4 TouchGFX/build/STM32F429IDISCO/TouchGFX/target/generated/TouchGFXConfiguration.o
                0x08002470                touchgfx::Partition<touchgfx::meta::TypeList<GameScreenPresenter, touchgfx::meta::TypeList<touchgfx::meta::Nil, touchgfx::meta::Nil> >, (unsigned short)1>::capacity() const
 .text._ZN8touchgfx9PartitionINS_4meta8TypeListI19GameScreenPresenterNS2_INS1_3NilES4_EEEELt1EE12element_sizeEv
                0x08002474        0x4 TouchGFX/build/STM32F429IDISCO/TouchGFX/target/generated/TouchGFXConfiguration.o
                0x08002474                touchgfx::Partition<touchgfx::meta::TypeList<GameScreenPresenter, touchgfx::meta::TypeList<touchgfx::meta::Nil, touchgfx::meta::Nil> >, (unsigned short)1>::element_size()
 .text._ZN8touchgfx9PartitionINS_4meta8TypeListI19GameScreenPresenterNS2_INS1_3NilES4_EEEELt1EE7elementEt
                0x08002478        0x8 TouchGFX/build/STM32F429IDISCO/TouchGFX/target/generated/TouchGFXConfiguration.o
                0x08002478                touchgfx::Partition<touchgfx::meta::TypeList<GameScreenPresenter, touchgfx::meta::TypeList<touchgfx::meta::Nil, touchgfx::meta::Nil> >, (unsigned short)1>::element(unsigned short)
 .text._ZNK8touchgfx9PartitionINS_4meta8TypeListI19GameScreenPresenterNS2_INS1_3NilES4_EEEELt1EE7elementEt
                0x08002480        0x8 TouchGFX/build/STM32F429IDISCO/TouchGFX/target/generated/TouchGFXConfiguration.o
                0x08002480                touchgfx::Partition<touchgfx::meta::TypeList<GameScreenPresenter, touchgfx::meta::TypeList<touchgfx::meta::Nil, touchgfx::meta::Nil> >, (unsigned short)1>::element(unsigned short) const
 .text._ZN16FrontendHeapBase15gotoStartScreenER19FrontendApplication
                0x08002488        0x6 TouchGFX/build/STM32F429IDISCO/TouchGFX/target/generated/TouchGFXConfiguration.o
                0x08002488                FrontendHeapBase::gotoStartScreen(FrontendApplication&)
 *fill*         0x0800248e        0x2 
 .text._ZN8touchgfx9PartitionINS_4meta8TypeListINS_15SlideTransitionILNS_9DirectionE2EEENS2_INS1_3NilES6_EEEELt1EED2Ev
                0x08002490       0x14 TouchGFX/build/STM32F429IDISCO/TouchGFX/target/generated/TouchGFXConfiguration.o
                0x08002490                touchgfx::Partition<touchgfx::meta::TypeList<touchgfx::SlideTransition<(touchgfx::Direction)2>, touchgfx::meta::TypeList<touchgfx::meta::Nil, touchgfx::meta::Nil> >, (unsigned short)1>::~Partition()
                0x08002490                touchgfx::Partition<touchgfx::meta::TypeList<touchgfx::SlideTransition<(touchgfx::Direction)2>, touchgfx::meta::TypeList<touchgfx::meta::Nil, touchgfx::meta::Nil> >, (unsigned short)1>::~Partition()
 .text._ZN8touchgfx9PartitionINS_4meta8TypeListINS_15SlideTransitionILNS_9DirectionE2EEENS2_INS1_3NilES6_EEEELt1EED0Ev
                0x080024a4       0x14 TouchGFX/build/STM32F429IDISCO/TouchGFX/target/generated/TouchGFXConfiguration.o
                0x080024a4                touchgfx::Partition<touchgfx::meta::TypeList<touchgfx::SlideTransition<(touchgfx::Direction)2>, touchgfx::meta::TypeList<touchgfx::meta::Nil, touchgfx::meta::Nil> >, (unsigned short)1>::~Partition()
 .text._ZN8touchgfx9PartitionINS_4meta8TypeListI14MainScreenViewNS2_INS1_3NilES4_EEEELt1EED2Ev
                0x080024b8       0x14 TouchGFX/build/STM32F429IDISCO/TouchGFX/target/generated/TouchGFXConfiguration.o
                0x080024b8                touchgfx::Partition<touchgfx::meta::TypeList<MainScreenView, touchgfx::meta::TypeList<touchgfx::meta::Nil, touchgfx::meta::Nil> >, (unsigned short)1>::~Partition()
                0x080024b8                touchgfx::Partition<touchgfx::meta::TypeList<MainScreenView, touchgfx::meta::TypeList<touchgfx::meta::Nil, touchgfx::meta::Nil> >, (unsigned short)1>::~Partition()
 .text._ZN8touchgfx9PartitionINS_4meta8TypeListI14MainScreenViewNS2_INS1_3NilES4_EEEELt1EED0Ev
                0x080024cc       0x16 TouchGFX/build/STM32F429IDISCO/TouchGFX/target/generated/TouchGFXConfiguration.o
                0x080024cc                touchgfx::Partition<touchgfx::meta::TypeList<MainScreenView, touchgfx::meta::TypeList<touchgfx::meta::Nil, touchgfx::meta::Nil> >, (unsigned short)1>::~Partition()
 *fill*         0x080024e2        0x2 
 .text._ZN8touchgfx9PartitionINS_4meta8TypeListI19GameScreenPresenterNS2_INS1_3NilES4_EEEELt1EED2Ev
                0x080024e4       0x14 TouchGFX/build/STM32F429IDISCO/TouchGFX/target/generated/TouchGFXConfiguration.o
                0x080024e4                touchgfx::Partition<touchgfx::meta::TypeList<GameScreenPresenter, touchgfx::meta::TypeList<touchgfx::meta::Nil, touchgfx::meta::Nil> >, (unsigned short)1>::~Partition()
                0x080024e4                touchgfx::Partition<touchgfx::meta::TypeList<GameScreenPresenter, touchgfx::meta::TypeList<touchgfx::meta::Nil, touchgfx::meta::Nil> >, (unsigned short)1>::~Partition()
 .text._ZN8touchgfx9PartitionINS_4meta8TypeListI19GameScreenPresenterNS2_INS1_3NilES4_EEEELt1EED0Ev
                0x080024f8       0x14 TouchGFX/build/STM32F429IDISCO/TouchGFX/target/generated/TouchGFXConfiguration.o
                0x080024f8                touchgfx::Partition<touchgfx::meta::TypeList<GameScreenPresenter, touchgfx::meta::TypeList<touchgfx::meta::Nil, touchgfx::meta::Nil> >, (unsigned short)1>::~Partition()
 .text._ZN12FrontendHeapD2Ev
                0x0800250c       0x28 TouchGFX/build/STM32F429IDISCO/TouchGFX/target/generated/TouchGFXConfiguration.o
                0x0800250c                FrontendHeap::~FrontendHeap()
                0x0800250c                FrontendHeap::~FrontendHeap()
 .text._ZN12FrontendHeapD0Ev
                0x08002534       0x16 TouchGFX/build/STM32F429IDISCO/TouchGFX/target/generated/TouchGFXConfiguration.o
                0x08002534                FrontendHeap::~FrontendHeap()
 *fill*         0x0800254a        0x2 
 .text.touchgfx_init
                0x0800254c       0xec TouchGFX/build/STM32F429IDISCO/TouchGFX/target/generated/TouchGFXConfiguration.o
                0x0800254c                touchgfx_init
 .text.touchgfx_taskEntry
                0x08002638        0xc TouchGFX/build/STM32F429IDISCO/TouchGFX/target/generated/TouchGFXConfiguration.o
                0x08002638                touchgfx_taskEntry
 .text._ZN20STM32TouchControllerD0Ev
                0x08002644        0xe TouchGFX/build/STM32F429IDISCO/TouchGFX/target/generated/TouchGFXConfiguration.o
                0x08002644                STM32TouchController::~STM32TouchController()
 .text._ZN8touchgfx8LCD16bppD0Ev
                0x08002652        0xe TouchGFX/build/STM32F429IDISCO/TouchGFX/target/generated/TouchGFXConfiguration.o
                0x08002652                touchgfx::LCD16bpp::~LCD16bpp()
 .text._ZN11TouchGFXHALD0Ev
                0x08002660        0xe TouchGFX/build/STM32F429IDISCO/TouchGFX/target/generated/TouchGFXConfiguration.o
                0x08002660                TouchGFXHAL::~TouchGFXHAL()
 *fill*         0x0800266e        0x2 
 .text.startup._GLOBAL__sub_I_touchgfx_init
                0x08002670      0x128 TouchGFX/build/STM32F429IDISCO/TouchGFX/target/generated/TouchGFXConfiguration.o
 .text._ZN11TouchGFXHAL9taskEntryEv
                0x08002798       0x32 TouchGFX/build/STM32F429IDISCO/TouchGFX/target/TouchGFXHAL.o
                0x08002798                TouchGFXHAL::taskEntry()
 .text._ZNK11TouchGFXHAL17getTFTFrameBufferEv
                0x080027ca        0x4 TouchGFX/build/STM32F429IDISCO/TouchGFX/target/TouchGFXHAL.o
                0x080027ca                TouchGFXHAL::getTFTFrameBuffer() const
 .text._ZN11TouchGFXHAL17setTFTFrameBufferEPt
                0x080027ce        0x4 TouchGFX/build/STM32F429IDISCO/TouchGFX/target/TouchGFXHAL.o
                0x080027ce                TouchGFXHAL::setTFTFrameBuffer(unsigned short*)
 .text._ZN11TouchGFXHAL16flushFrameBufferERKN8touchgfx4RectE
                0x080027d2        0x4 TouchGFX/build/STM32F429IDISCO/TouchGFX/target/TouchGFXHAL.o
                0x080027d2                TouchGFXHAL::flushFrameBuffer(touchgfx::Rect const&)
 .text._ZN11TouchGFXHAL19configureInterruptsEv
                0x080027d6        0x4 TouchGFX/build/STM32F429IDISCO/TouchGFX/target/TouchGFXHAL.o
                0x080027d6                TouchGFXHAL::configureInterrupts()
 .text._ZN11TouchGFXHAL16enableInterruptsEv
                0x080027da        0x4 TouchGFX/build/STM32F429IDISCO/TouchGFX/target/TouchGFXHAL.o
                0x080027da                TouchGFXHAL::enableInterrupts()
 .text._ZN11TouchGFXHAL17disableInterruptsEv
                0x080027de        0x4 TouchGFX/build/STM32F429IDISCO/TouchGFX/target/TouchGFXHAL.o
                0x080027de                TouchGFXHAL::disableInterrupts()
 .text._ZN11TouchGFXHAL28enableLCDControllerInterruptEv
                0x080027e2        0x4 TouchGFX/build/STM32F429IDISCO/TouchGFX/target/TouchGFXHAL.o
                0x080027e2                TouchGFXHAL::enableLCDControllerInterrupt()
 .text._ZN11TouchGFXHAL16flushFrameBufferEv
                0x080027e6        0x4 TouchGFX/build/STM32F429IDISCO/TouchGFX/target/TouchGFXHAL.o
                0x080027e6                TouchGFXHAL::flushFrameBuffer()
 .text._ZN11TouchGFXHAL10initializeEv
                0x080027ea        0x4 TouchGFX/build/STM32F429IDISCO/TouchGFX/target/TouchGFXHAL.o
                0x080027ea                TouchGFXHAL::initialize()
 .text._ZN8touchgfx4GPIO3setENS0_7GPIO_IDE
                0x080027ee        0x2 TouchGFX/build/STM32F429IDISCO/TouchGFX/target/TouchGFXGPIO.o
                0x080027ee                touchgfx::GPIO::set(touchgfx::GPIO::GPIO_ID)
 .text._ZN8touchgfx4GPIO5clearENS0_7GPIO_IDE
                0x080027f0        0x2 TouchGFX/build/STM32F429IDISCO/TouchGFX/target/TouchGFXGPIO.o
                0x080027f0                touchgfx::GPIO::clear(touchgfx::GPIO::GPIO_ID)
 .text._ZN8touchgfx4GPIO6toggleENS0_7GPIO_IDE
                0x080027f2        0x2 TouchGFX/build/STM32F429IDISCO/TouchGFX/target/TouchGFXGPIO.o
                0x080027f2                touchgfx::GPIO::toggle(touchgfx::GPIO::GPIO_ID)
 .text._Z11BSP_TS_Inittt
                0x080027f4       0x44 TouchGFX/build/STM32F429IDISCO/TouchGFX/target/STM32TouchController.o
                0x080027f4                BSP_TS_Init(unsigned short, unsigned short)
 .text._ZN20STM32TouchController4initEv
                0x08002838        0xa TouchGFX/build/STM32F429IDISCO/TouchGFX/target/STM32TouchController.o
                0x08002838                STM32TouchController::init()
 *fill*         0x08002842        0x2 
 .text._Z15BSP_TS_GetStateP15TS_StateTypeDef
                0x08002844       0xc8 TouchGFX/build/STM32F429IDISCO/TouchGFX/target/STM32TouchController.o
                0x08002844                BSP_TS_GetState(TS_StateTypeDef*)
 .text._ZN20STM32TouchController11sampleTouchERlS0_
                0x0800290c       0x24 TouchGFX/build/STM32F429IDISCO/TouchGFX/target/STM32TouchController.o
                0x0800290c                STM32TouchController::sampleTouch(long&, long&)
 .text.SystemInit
                0x08002930       0x1c TouchGFX/build/STM32F429IDISCO/Core/Src/system_stm32f4xx.o
                0x08002930                SystemInit
 .text.HAL_InitTick
                0x0800294c       0x7c TouchGFX/build/STM32F429IDISCO/Core/Src/stm32f4xx_hal_timebase_tim.o
                0x0800294c                HAL_InitTick
 .text.SPI5_Write
                0x080029c8       0x24 TouchGFX/build/STM32F429IDISCO/Core/Src/main.o
 .text.SystemClock_Config
                0x080029ec       0xb8 TouchGFX/build/STM32F429IDISCO/Core/Src/main.o
                0x080029ec                SystemClock_Config
 .text.startup.main
                0x08002aa4      0x340 TouchGFX/build/STM32F429IDISCO/Core/Src/main.o
                0x08002aa4                main
 .text.IOE_Init
                0x08002de4        0x2 TouchGFX/build/STM32F429IDISCO/Core/Src/main.o
                0x08002de4                IOE_Init
 .text.IOE_ITConfig
                0x08002de6        0x2 TouchGFX/build/STM32F429IDISCO/Core/Src/main.o
                0x08002de6                IOE_ITConfig
 .text.IOE_Write
                0x08002de8       0x2c TouchGFX/build/STM32F429IDISCO/Core/Src/main.o
                0x08002de8                IOE_Write
 .text.IOE_Read
                0x08002e14       0x34 TouchGFX/build/STM32F429IDISCO/Core/Src/main.o
                0x08002e14                IOE_Read
 .text.IOE_ReadMultiple
                0x08002e48       0x2c TouchGFX/build/STM32F429IDISCO/Core/Src/main.o
                0x08002e48                IOE_ReadMultiple
 .text.IOE_Delay
                0x08002e74        0x4 TouchGFX/build/STM32F429IDISCO/Core/Src/main.o
                0x08002e74                IOE_Delay
 .text.LCD_IO_Init
                0x08002e78       0x20 TouchGFX/build/STM32F429IDISCO/Core/Src/main.o
                0x08002e78                LCD_IO_Init
 .text.LCD_IO_WriteData
                0x08002e98       0x38 TouchGFX/build/STM32F429IDISCO/Core/Src/main.o
                0x08002e98                LCD_IO_WriteData
 .text.LCD_IO_WriteReg
                0x08002ed0       0x38 TouchGFX/build/STM32F429IDISCO/Core/Src/main.o
                0x08002ed0                LCD_IO_WriteReg
 .text.LCD_IO_ReadData
                0x08002f08       0x64 TouchGFX/build/STM32F429IDISCO/Core/Src/main.o
                0x08002f08                LCD_IO_ReadData
 .text.LCD_Delay
                0x08002f6c        0x4 TouchGFX/build/STM32F429IDISCO/Core/Src/main.o
                0x08002f6c                LCD_Delay
 .text.HAL_TIM_PeriodElapsedCallback
                0x08002f70       0x14 TouchGFX/build/STM32F429IDISCO/Core/Src/main.o
                0x08002f70                HAL_TIM_PeriodElapsedCallback
 .text.NMI_Handler
                0x08002f84        0x2 TouchGFX/build/STM32F429IDISCO/Core/Src/stm32f4xx_it.o
                0x08002f84                NMI_Handler
 .text.HardFault_Handler
                0x08002f86        0x2 TouchGFX/build/STM32F429IDISCO/Core/Src/stm32f4xx_it.o
                0x08002f86                HardFault_Handler
 .text.MemManage_Handler
                0x08002f88        0x2 TouchGFX/build/STM32F429IDISCO/Core/Src/stm32f4xx_it.o
                0x08002f88                MemManage_Handler
 .text.BusFault_Handler
                0x08002f8a        0x2 TouchGFX/build/STM32F429IDISCO/Core/Src/stm32f4xx_it.o
                0x08002f8a                BusFault_Handler
 .text.UsageFault_Handler
                0x08002f8c        0x2 TouchGFX/build/STM32F429IDISCO/Core/Src/stm32f4xx_it.o
                0x08002f8c                UsageFault_Handler
 .text.DebugMon_Handler
                0x08002f8e        0x2 TouchGFX/build/STM32F429IDISCO/Core/Src/stm32f4xx_it.o
                0x08002f8e                DebugMon_Handler
 .text.TIM6_DAC_IRQHandler
                0x08002f90        0xc TouchGFX/build/STM32F429IDISCO/Core/Src/stm32f4xx_it.o
                0x08002f90                TIM6_DAC_IRQHandler
 .text.LTDC_IRQHandler
                0x08002f9c        0xc TouchGFX/build/STM32F429IDISCO/Core/Src/stm32f4xx_it.o
                0x08002f9c                LTDC_IRQHandler
 .text.DMA2D_IRQHandler
                0x08002fa8        0xc TouchGFX/build/STM32F429IDISCO/Core/Src/stm32f4xx_it.o
                0x08002fa8                DMA2D_IRQHandler
 .text._sbrk    0x08002fb4       0x34 TouchGFX/build/STM32F429IDISCO/Core/Src/sysmem.o
                0x08002fb4                _sbrk
 .text.HAL_MspInit
                0x08002fe8       0x40 TouchGFX/build/STM32F429IDISCO/Core/Src/stm32f4xx_hal_msp.o
                0x08002fe8                HAL_MspInit
 .text.HAL_CRC_MspInit
                0x08003028       0x30 TouchGFX/build/STM32F429IDISCO/Core/Src/stm32f4xx_hal_msp.o
                0x08003028                HAL_CRC_MspInit
 .text.HAL_DMA2D_MspInit
                0x08003058       0x44 TouchGFX/build/STM32F429IDISCO/Core/Src/stm32f4xx_hal_msp.o
                0x08003058                HAL_DMA2D_MspInit
 .text.HAL_DMA2D_MspDeInit
                0x0800309c       0x24 TouchGFX/build/STM32F429IDISCO/Core/Src/stm32f4xx_hal_msp.o
                0x0800309c                HAL_DMA2D_MspDeInit
 .text.HAL_I2C_MspInit
                0x080030c0       0xb8 TouchGFX/build/STM32F429IDISCO/Core/Src/stm32f4xx_hal_msp.o
                0x080030c0                HAL_I2C_MspInit
 .text.HAL_LTDC_MspInit
                0x08003178      0x18c TouchGFX/build/STM32F429IDISCO/Core/Src/stm32f4xx_hal_msp.o
                0x08003178                HAL_LTDC_MspInit
 .text.HAL_SPI_MspInit
                0x08003304       0x6c TouchGFX/build/STM32F429IDISCO/Core/Src/stm32f4xx_hal_msp.o
                0x08003304                HAL_SPI_MspInit
 .text.HAL_SDRAM_MspInit
                0x08003370       0xe0 TouchGFX/build/STM32F429IDISCO/Core/Src/stm32f4xx_hal_msp.o
                0x08003370                HAL_SDRAM_MspInit
 .text._getpid  0x08003450        0x4 TouchGFX/build/STM32F429IDISCO/Core/Src/syscalls.o
                0x08003450                _getpid
 .text._kill    0x08003454       0x10 TouchGFX/build/STM32F429IDISCO/Core/Src/syscalls.o
                0x08003454                _kill
 .text._exit    0x08003464        0xc TouchGFX/build/STM32F429IDISCO/Core/Src/syscalls.o
                0x08003464                _exit
 .text._read    0x08003470       0x1c TouchGFX/build/STM32F429IDISCO/Core/Src/syscalls.o
                0x08003470                _read
 .text._write   0x0800348c       0x1c TouchGFX/build/STM32F429IDISCO/Core/Src/syscalls.o